2026-08-15 12:13:24 [INFO]: our first log for our playwright test
2026-08-15 12:13:24 [INFO]: our first log for our playwright test
2026-08-15 12:13:24 [INFO]: TC001 is excecuted successfully
2026-08-15 12:13:26 [INFO]: TC001 is excecuted successfully
2026-08-15 12:13:27 [INFO]: our first log for our playwright test
2026-08-15 12:13:28 [INFO]: TC001 is excecuted successfully
2026-08-15 12:22:50 [INFO]: our first log for our playwright test with info level
2026-08-15 12:22:50 [WARN]: our first log for our playwright test with warn level
2026-08-15 12:22:50 [ERROR]: our first log for our playwright test with error level
2026-08-15 12:22:50 [DEBUG]: our first log for our playwright test with debug level
2026-08-15 12:22:50 [INFO]: our first log for our playwright test with info level
2026-08-15 12:22:50 [WARN]: our first log for our playwright test with warn level
2026-08-15 12:22:50 [ERROR]: our first log for our playwright test with error level
2026-08-15 12:22:50 [DEBUG]: our first log for our playwright test with debug level
2026-08-15 12:22:50 [INFO]: TC001 is excecuted successfully
2026-08-15 12:22:51 [INFO]: TC001 is excecuted successfully
2026-08-15 12:22:52 [INFO]: our first log for our playwright test with info level
2026-08-15 12:22:52 [WARN]: our first log for our playwright test with warn level
2026-08-15 12:22:52 [ERROR]: our first log for our playwright test with error level
2026-08-15 12:22:52 [DEBUG]: our first log for our playwright test with debug level
2026-08-15 12:22:54 [INFO]: TC001 is excecuted successfully
2026-08-16 10:18:41 [INFO]: our first log for our playwright test with info level
2026-08-16 10:18:41 [WARN]: our first log for our playwright test with warn level
2026-08-16 10:18:41 [ERROR]: our first log for our playwright test with error level
2026-08-16 10:18:41 [DEBUG]: our first log for our playwright test with debug level
2026-08-16 10:18:50 [INFO]: our first log for our playwright test with info level
2026-08-16 10:18:50 [WARN]: our first log for our playwright test with warn level
2026-08-16 10:18:50 [ERROR]: our first log for our playwright test with error level
2026-08-16 10:18:50 [DEBUG]: our first log for our playwright test with debug level
2026-08-16 10:20:05 [INFO]: our first log for our playwright test with info level
2026-08-16 10:20:05 [WARN]: our first log for our playwright test with warn level
2026-08-16 10:20:05 [ERROR]: our first log for our playwright test with error level
2026-08-16 10:20:05 [DEBUG]: our first log for our playwright test with debug level
2026-08-16 10:20:13 [INFO]: TC001 is excecuted successfully
2026-08-16 10:20:14 [INFO]: our first log for our playwright test with info level
2026-08-16 10:20:14 [WARN]: our first log for our playwright test with warn level
2026-08-16 10:20:14 [ERROR]: our first log for our playwright test with error level
2026-08-16 10:20:14 [DEBUG]: our first log for our playwright test with debug level
2026-08-16 10:20:16 [INFO]: TC001 is excecuted successfully
2026-08-16 10:23:27 [INFO]: our first log for our playwright test with info level
2026-08-16 10:23:27 [WARN]: our first log for our playwright test with warn level
2026-08-16 10:23:27 [ERROR]: our first log for our playwright test with error level
2026-08-16 10:23:27 [DEBUG]: our first log for our playwright test with debug level
2026-08-16 10:23:31 [INFO]: TC001 is excecuted successfully
2026-08-16 10:23:36 [INFO]: our first log for our playwright test with info level
2026-08-16 10:23:36 [WARN]: our first log for our playwright test with warn level
2026-08-16 10:23:36 [ERROR]: our first log for our playwright test with error level
2026-08-16 10:23:36 [DEBUG]: our first log for our playwright test with debug level
2026-08-16 10:23:37 [INFO]: TC001 is excecuted successfully
2026-08-16 10:23:40 [INFO]: our first log for our playwright test with info level
2026-08-16 10:23:40 [WARN]: our first log for our playwright test with warn level
2026-08-16 10:23:40 [ERROR]: our first log for our playwright test with error level
2026-08-16 10:23:40 [DEBUG]: our first log for our playwright test with debug level
2026-08-16 10:23:42 [INFO]: TC001 is excecuted successfully
2026-08-17 19:53:33 [INFO]: we are using playwright inbuilt locators
2026-08-17 19:53:33 [INFO]: -------getByTitle------
2026-08-17 19:53:38 [INFO]: we are using playwright inbuilt locators
2026-08-17 19:53:38 [INFO]: -------getByTitle------
2026-08-17 19:54:01 [INFO]: we are using playwright inbuilt locators
2026-08-17 19:54:01 [INFO]: -------getByTitle------
2026-08-17 19:54:35 [INFO]: we are using playwright inbuilt locators
2026-08-17 19:54:35 [INFO]: we are using playwright inbuilt locators
2026-08-17 19:54:36 [INFO]: -------getByTitle------
2026-08-17 19:54:35 [INFO]: -------getByTitle------
2026-08-17 19:54:41 [INFO]: we are using playwright inbuilt locators
2026-08-17 19:54:41 [INFO]: -------getByTitle------
2026-08-17 19:55:52 [INFO]: we are using playwright inbuilt locators
2026-08-17 19:55:52 [INFO]: -------getByTitle------
2026-08-17 19:55:52 [INFO]: we are using playwright inbuilt locators
2026-08-17 19:55:52 [INFO]: -------getByTitle------
2026-08-17 19:55:57 [INFO]: we are using playwright inbuilt locators
2026-08-17 19:55:57 [INFO]: -------getByTitle------
2026-08-17 19:59:23 [INFO]: we are using playwright inbuilt locators
2026-08-17 19:59:23 [INFO]: -------getByTitle------
2026-08-17 19:59:24 [INFO]: we are using playwright inbuilt locators
2026-08-17 19:59:24 [INFO]: -------getByTitle------
2026-08-17 19:59:28 [INFO]: we are using playwright inbuilt locators
2026-08-17 19:59:28 [INFO]: -------getByTitle------
2026-08-17 20:02:01 [INFO]: we are using playwright inbuilt locators
2026-08-17 20:02:01 [INFO]: -------getByTitle------
2026-08-17 20:02:01 [INFO]: we are using playwright inbuilt locators
2026-08-17 20:02:01 [INFO]: -------getByTitle------
2026-08-17 20:02:05 [INFO]: we are using playwright inbuilt locators
2026-08-17 20:02:05 [INFO]: -------getByTitle------
2026-08-17 20:19:11 [INFO]: we are using playwright inbuilt locators
2026-08-17 20:19:11 [INFO]: -------getByText------
2026-08-17 20:19:13 [INFO]: we are using playwright inbuilt locators
2026-08-17 20:19:13 [INFO]: -------getByText------
2026-08-17 20:19:19 [INFO]: we are using playwright inbuilt locators
2026-08-17 20:19:19 [INFO]: -------getByText------
2026-08-17 20:22:15 [INFO]: we are using playwright inbuilt locators
2026-08-17 20:22:15 [INFO]: -------getByText------
2026-08-17 20:22:16 [INFO]: we are using playwright inbuilt locators
2026-08-17 20:22:16 [INFO]: -------getByText------
2026-08-17 20:22:23 [INFO]: we are using playwright inbuilt locators
2026-08-17 20:22:23 [INFO]: -------getByText------
2026-08-17 20:23:09 [INFO]: we are using playwright inbuilt locators
2026-08-17 20:23:09 [INFO]: -------getByTitle------
2026-08-17 20:23:10 [INFO]: we are using playwright inbuilt locators
2026-08-17 20:23:10 [INFO]: -------getByTitle------
2026-08-17 20:23:17 [INFO]: we are using playwright inbuilt locators
2026-08-17 20:23:17 [INFO]: -------getByTitle------
2026-08-17 20:26:49 [INFO]: we are using playwright inbuilt locators
2026-08-17 20:26:49 [INFO]: -------getByTitle------
2026-08-17 20:26:50 [INFO]: we are using playwright inbuilt locators
2026-08-17 20:26:50 [INFO]: -------getByTitle------
2026-08-17 20:26:56 [INFO]: we are using playwright inbuilt locators
2026-08-17 20:26:56 [INFO]: -------getByTitle------
2026-08-17 20:31:24 [INFO]: we are using playwright inbuilt locators
2026-08-17 20:31:24 [INFO]: -------getByTitle------
2026-08-17 20:31:25 [INFO]: we are using playwright inbuilt locators
2026-08-17 20:31:25 [INFO]: -------getByTitle------
2026-08-17 20:31:30 [INFO]: we are using playwright inbuilt locators
2026-08-17 20:31:30 [INFO]: -------getByTitle------
2026-08-17 20:36:56 [INFO]: we are using playwright inbuilt locators
2026-08-17 20:36:57 [INFO]: -------getByTitle------
2026-08-17 20:36:57 [INFO]: we are using playwright inbuilt locators
2026-08-17 20:36:57 [INFO]: -------getByTitle------
2026-08-17 20:37:04 [INFO]: we are using playwright inbuilt locators
2026-08-17 20:37:04 [INFO]: -------getByTitle------
2026-08-17 20:55:22 [INFO]: we are using playwright inbuilt locators
2026-08-17 20:55:22 [INFO]: -------getByTitle------
2026-08-17 20:55:24 [INFO]: we are using playwright inbuilt locators
2026-08-17 20:55:24 [INFO]: -------getByTitle------
2026-08-17 20:55:29 [INFO]: we are using playwright inbuilt locators
2026-08-17 20:55:29 [INFO]: -------getByTitle------
2026-08-17 20:58:45 [INFO]: we are using playwright inbuilt locators
2026-08-17 20:58:45 [INFO]: -------getByTitle------
2026-08-17 20:58:45 [INFO]: we are using playwright inbuilt locators
2026-08-17 20:58:45 [INFO]: -------getByTitle------
2026-08-17 20:58:52 [INFO]: we are using playwright inbuilt locators
2026-08-17 20:58:52 [INFO]: -------getByTitle------
2026-08-17 21:01:22 [INFO]: we are using playwright inbuilt locators
2026-08-17 21:01:22 [INFO]: we are using playwright inbuilt locators
2026-08-17 21:01:22 [INFO]: -------getByTitle------
2026-08-17 21:01:22 [INFO]: -------getByTitle------
2026-08-17 21:01:29 [INFO]: we are using playwright inbuilt locators
2026-08-17 21:01:29 [INFO]: -------getByTitle------
2026-08-17 21:03:17 [INFO]: we are using playwright inbuilt locators
2026-08-17 21:03:17 [INFO]: -------getByTitle------
2026-08-17 21:03:18 [INFO]: we are using playwright inbuilt locators
2026-08-17 21:03:18 [INFO]: -------getByTitle------
2026-08-17 21:03:24 [INFO]: we are using playwright inbuilt locators
2026-08-17 21:03:24 [INFO]: -------getByTitle------
2026-08-17 21:06:26 [INFO]: we are using playwright inbuilt locators
2026-08-17 21:06:26 [INFO]: -------getByTitle------
2026-08-17 21:06:27 [INFO]: we are using playwright inbuilt locators
2026-08-17 21:06:27 [INFO]: -------getByTitle------
2026-08-17 21:06:28 [INFO]: -------getByText-------------
2026-08-17 21:06:28 [INFO]: -------getByText-------------
2026-08-17 21:06:35 [INFO]: we are using playwright inbuilt locators
2026-08-17 21:06:35 [INFO]: -------getByTitle------
2026-08-17 21:06:37 [INFO]: -------getByText-------------
2026-08-17 21:07:28 [INFO]: we are using playwright inbuilt locators
2026-08-17 21:07:28 [INFO]: -------getByTitle------
2026-08-17 21:07:29 [INFO]: we are using playwright inbuilt locators
2026-08-17 21:07:29 [INFO]: -------getByTitle------
2026-08-17 21:07:30 [INFO]: -------getByText-------------
2026-08-17 21:07:30 [INFO]: -------getByText-------------
2026-08-17 21:07:34 [INFO]: we are using playwright inbuilt locators
2026-08-17 21:07:34 [INFO]: -------getByTitle------
2026-08-17 21:07:36 [INFO]: -------getByText-------------
2026-08-17 21:20:52 [INFO]: we are using playwright inbuilt locators
2026-08-17 21:20:52 [INFO]: -------getByText------
2026-08-17 21:20:53 [INFO]: --------getByPlaceholder---------
2026-08-17 21:20:54 [INFO]: we are using playwright inbuilt locators
2026-08-17 21:20:54 [INFO]: -------getByText------
2026-08-17 21:20:54 [INFO]: --------getByPlaceholder---------
2026-08-17 21:20:54 [INFO]: -----getByRole--------
2026-08-17 21:20:54 [INFO]: -----getByRole--------
2026-08-17 21:21:00 [INFO]: we are using playwright inbuilt locators
2026-08-17 21:21:00 [INFO]: -------getByText------
2026-08-17 21:21:00 [INFO]: --------getByPlaceholder---------
2026-08-17 21:21:00 [INFO]: -----getByRole--------
2026-08-17 21:22:27 [INFO]: we are using playwright inbuilt locators
2026-08-17 21:22:27 [INFO]: -------getByTitle------
2026-08-17 21:22:28 [INFO]: we are using playwright inbuilt locators
2026-08-17 21:22:28 [INFO]: -------getByTitle------
2026-08-17 21:22:29 [INFO]: -------getByText-------------
2026-08-17 21:22:29 [INFO]: -----getByRole--------
2026-08-17 21:22:29 [INFO]: -------getByText-------------
2026-08-17 21:22:29 [INFO]: -----getByRole--------
2026-08-17 21:22:34 [INFO]: we are using playwright inbuilt locators
2026-08-17 21:22:34 [INFO]: -------getByTitle------
2026-08-17 21:22:36 [INFO]: -------getByText-------------
2026-08-17 21:22:36 [INFO]: -----getByRole--------
2026-08-17 21:26:46 [INFO]: we are using playwright inbuilt locators
2026-08-17 21:26:46 [INFO]: -------getByTitle------
2026-08-17 21:26:46 [INFO]: we are using playwright inbuilt locators
2026-08-17 21:26:46 [INFO]: -------getByTitle------
2026-08-17 21:26:47 [INFO]: -------getByText-------------
2026-08-17 21:26:47 [INFO]: -----getByRole--------
2026-08-17 21:26:48 [INFO]: -------getByText-------------
2026-08-17 21:26:49 [INFO]: -----getByRole--------
2026-08-17 21:26:53 [INFO]: we are using playwright inbuilt locators
2026-08-17 21:26:53 [INFO]: -------getByTitle------
2026-08-17 21:26:55 [INFO]: -------getByText-------------
2026-08-17 21:26:55 [INFO]: -----getByRole--------
2026-08-17 21:28:09 [INFO]: we are using playwright inbuilt locators
2026-08-17 21:28:09 [INFO]: -------getByTitle------
2026-08-17 21:28:10 [INFO]: we are using playwright inbuilt locators
2026-08-17 21:28:10 [INFO]: -------getByTitle------
2026-08-17 21:28:11 [INFO]: -------getByText-------------
2026-08-17 21:28:11 [INFO]: -----getByRole--------
2026-08-17 21:28:12 [INFO]: -------getByText-------------
2026-08-17 21:28:12 [INFO]: -----getByRole--------
2026-08-17 21:28:16 [INFO]: we are using playwright inbuilt locators
2026-08-17 21:28:16 [INFO]: -------getByTitle------
2026-08-17 21:28:18 [INFO]: -------getByText-------------
2026-08-17 21:28:18 [INFO]: -----getByRole--------
2026-08-17 21:31:31 [INFO]: we are using playwright inbuilt locators
2026-08-17 21:31:31 [INFO]: -------getByTitle------
2026-08-17 21:31:31 [INFO]: we are using playwright inbuilt locators
2026-08-17 21:31:31 [INFO]: -------getByTitle------
2026-08-17 21:31:33 [INFO]: -------getByText-------------
2026-08-17 21:31:33 [INFO]: -----getByRole--------
2026-08-17 21:31:34 [INFO]: -------getByText-------------
2026-08-17 21:31:34 [INFO]: -----getByRole--------
2026-08-17 21:31:39 [INFO]: we are using playwright inbuilt locators
2026-08-17 21:31:39 [INFO]: -------getByTitle------
2026-08-17 21:31:41 [INFO]: -------getByText-------------
2026-08-17 21:31:41 [INFO]: -----getByRole--------
2026-08-17 21:38:16 [INFO]: we are using playwright inbuilt locators
2026-08-17 21:38:16 [INFO]: -------getByText------
2026-08-17 21:38:16 [INFO]: we are using playwright inbuilt locators
2026-08-17 21:38:16 [INFO]: -------getByText------
2026-08-17 21:38:16 [INFO]: --------getByPlaceholder---------
2026-08-17 21:38:16 [INFO]: -----getByRole--------
2026-08-17 21:38:17 [INFO]: --------getByPlaceholder---------
2026-08-17 21:38:17 [INFO]: -----getByRole--------
2026-08-17 21:38:22 [INFO]: -----getByTestId--------
2026-08-17 21:38:22 [INFO]: we are using playwright inbuilt locators
2026-08-17 21:38:22 [INFO]: -------getByText------
2026-08-17 21:38:22 [INFO]: --------getByPlaceholder---------
2026-08-17 21:38:22 [INFO]: -----getByRole--------
2026-08-17 21:38:23 [INFO]: -----getByTestId--------
2026-08-17 21:38:27 [INFO]: -----getByTestId--------
2026-08-17 21:40:13 [INFO]: we are using playwright inbuilt locators
2026-08-17 21:40:13 [INFO]: -------getByText------
2026-08-17 21:40:13 [INFO]: we are using playwright inbuilt locators
2026-08-17 21:40:13 [INFO]: -------getByText------
2026-08-17 21:40:13 [INFO]: --------getByPlaceholder---------
2026-08-17 21:40:13 [INFO]: --------getByPlaceholder---------
2026-08-17 21:40:13 [INFO]: -----getByRole--------
2026-08-17 21:40:14 [INFO]: -----getByRole--------
2026-08-17 21:40:19 [INFO]: -----getByTestId--------
2026-08-17 21:40:19 [INFO]: we are using playwright inbuilt locators
2026-08-17 21:40:19 [INFO]: -------getByText------
2026-08-17 21:40:20 [INFO]: --------getByPlaceholder---------
2026-08-17 21:40:20 [INFO]: -----getByRole--------
2026-08-17 21:40:20 [INFO]: -----getByTestId--------
2026-08-17 21:40:25 [INFO]: -----getByTestId--------
2026-08-17 21:41:34 [INFO]: we are using playwright inbuilt locators
2026-08-17 21:41:34 [INFO]: -------getByText------
2026-08-17 21:41:34 [INFO]: we are using playwright inbuilt locators
2026-08-17 21:41:34 [INFO]: -------getByText------
2026-08-17 21:41:34 [INFO]: --------getByPlaceholder---------
2026-08-17 21:41:34 [INFO]: -----getByRole--------
2026-08-17 21:41:35 [INFO]: --------getByPlaceholder---------
2026-08-17 21:41:36 [INFO]: -----getByRole--------
2026-08-17 21:41:40 [INFO]: -----getByTestId--------
2026-08-17 21:41:41 [INFO]: we are using playwright inbuilt locators
2026-08-17 21:41:41 [INFO]: -------getByText------
2026-08-17 21:41:41 [INFO]: --------getByPlaceholder---------
2026-08-17 21:41:41 [INFO]: -----getByRole--------
2026-08-17 21:41:42 [INFO]: -----getByTestId--------
2026-08-17 21:41:47 [INFO]: -----getByTestId--------
2026-08-17 21:50:25 [INFO]: we are using playwright inbuilt locators
2026-08-17 21:50:25 [INFO]: -------getByText------
2026-08-17 21:50:25 [INFO]: we are using playwright inbuilt locators
2026-08-17 21:50:25 [INFO]: -------getByText------
2026-08-17 21:50:25 [INFO]: --------getByPlaceholder---------
2026-08-17 21:50:25 [INFO]: -----getByRole--------
2026-08-17 21:50:25 [INFO]: --------getByPlaceholder---------
2026-08-17 21:50:26 [INFO]: -----getByRole--------
2026-08-17 21:50:31 [INFO]: we are using playwright inbuilt locators
2026-08-17 21:50:31 [INFO]: -------getByText------
2026-08-17 21:50:31 [INFO]: --------getByPlaceholder---------
2026-08-17 21:50:31 [INFO]: -----getByTestId--------
2026-08-17 21:50:31 [INFO]: -----getByRole--------
2026-08-17 21:50:31 [INFO]: -----getByAltText----------
2026-08-17 21:50:32 [INFO]: -----getByTestId--------
2026-08-17 21:50:33 [INFO]: -----getByAltText----------
2026-08-17 21:50:37 [INFO]: -----getByTestId--------
2026-08-17 21:50:37 [INFO]: -----getByAltText----------
2026-08-17 21:56:09 [INFO]: we are using playwright inbuilt locators
2026-08-17 21:56:09 [INFO]: -------getByText------
2026-08-17 21:56:09 [INFO]: --------getByPlaceholder---------
2026-08-17 21:56:09 [INFO]: we are using playwright inbuilt locators
2026-08-17 21:56:09 [INFO]: -------getByText------
2026-08-17 21:56:09 [INFO]: -----getByRole--------
2026-08-17 21:56:09 [INFO]: --------getByPlaceholder---------
2026-08-17 21:56:10 [INFO]: -----getByRole--------
2026-08-17 21:56:14 [INFO]: -----getByTestId--------
2026-08-17 21:56:14 [INFO]: -----getByRole----------
2026-08-17 21:56:14 [INFO]: -----getByTestId--------
2026-08-17 21:56:15 [INFO]: we are using playwright inbuilt locators
2026-08-17 21:56:15 [INFO]: -------getByText------
2026-08-17 21:56:15 [INFO]: --------getByPlaceholder---------
2026-08-17 21:56:15 [INFO]: -----getByRole--------
2026-08-17 21:56:16 [INFO]: -----getByTestId--------
2026-08-17 21:56:16 [INFO]: -----getByRole----------
2026-08-17 21:56:17 [INFO]: -----getByTestId--------
2026-08-17 21:56:21 [INFO]: -----getByTestId--------
2026-08-17 21:56:21 [INFO]: -----getByRole----------
2026-08-17 21:56:21 [INFO]: -----getByTestId--------
2026-08-20 13:30:48 [INFO]: we are using playwright inbuilt locators
2026-08-20 13:30:48 [INFO]: -------getByTitle------
2026-08-20 13:30:49 [INFO]: -------getByText-------------
2026-08-20 13:30:49 [INFO]: -----getByRole--------
2026-08-20 13:30:49 [INFO]: we are using playwright inbuilt locators
2026-08-20 13:30:49 [INFO]: -------getByTitle------
2026-08-20 13:30:50 [INFO]: -------getByText-------------
2026-08-20 13:30:50 [INFO]: -----getByRole--------
2026-08-20 13:30:52 [INFO]: we are using playwright inbuilt locators
2026-08-20 13:30:52 [INFO]: -------getByTitle------
2026-08-20 13:30:54 [INFO]: -------getByText-------------
2026-08-20 13:30:54 [INFO]: -----getByRole--------
2026-08-20 13:32:36 [INFO]: we are using playwright inbuilt locators
2026-08-20 13:32:36 [INFO]: -------getByTitle------
2026-08-20 13:32:37 [INFO]: we are using playwright inbuilt locators
2026-08-20 13:32:37 [INFO]: -------getByTitle------
2026-08-20 13:32:37 [INFO]: -------getByText-------------
2026-08-20 13:32:37 [INFO]: -----getByRole--------
2026-08-20 13:32:37 [INFO]: -------getByText-------------
2026-08-20 13:32:37 [INFO]: -----getByRole--------
2026-08-20 13:32:40 [INFO]: we are using playwright inbuilt locators
2026-08-20 13:32:40 [INFO]: -------getByTitle------
2026-08-20 13:32:40 [INFO]: -------getByText-------------
2026-08-20 13:32:40 [INFO]: -----getByRole--------
2026-08-20 13:51:12 [INFO]: we are using playwright inbuilt locators
2026-08-20 13:51:12 [INFO]: -------getByRole------
2026-08-20 13:51:13 [INFO]: we are using playwright inbuilt locators
2026-08-20 13:51:13 [INFO]: -------getByRole------
2026-08-20 13:51:47 [INFO]: we are using playwright inbuilt locators
2026-08-20 13:51:47 [INFO]: -------getByRole------
2026-08-20 13:51:47 [INFO]: we are using playwright inbuilt locators
2026-08-20 13:51:47 [INFO]: -------getByRole------
2026-08-20 13:51:48 [INFO]: -------getByAltText------
2026-08-20 13:51:49 [INFO]: -------getByAltText------
2026-08-20 13:51:53 [INFO]: we are using playwright inbuilt locators
2026-08-20 13:51:53 [INFO]: -------getByRole------
2026-08-20 13:51:54 [INFO]: -------getByAltText------
2026-08-20 14:08:28 [INFO]: we are using playwright inbuilt locators
2026-08-20 14:08:28 [INFO]: -------getByLabel------
2026-08-20 14:08:28 [INFO]: we are using playwright inbuilt locators
2026-08-20 14:08:28 [INFO]: -------getByLabel------
2026-08-20 14:08:33 [INFO]: we are using playwright inbuilt locators
2026-08-20 14:08:33 [INFO]: -------getByLabel------
2026-08-20 14:11:50 [INFO]: we are using playwright inbuilt locators
2026-08-20 14:11:50 [INFO]: -------getByLabel------
2026-08-20 14:11:51 [INFO]: we are using playwright inbuilt locators
2026-08-20 14:11:51 [INFO]: -------getByLabel------
2026-08-20 14:11:54 [INFO]: we are using playwright inbuilt locators
2026-08-20 14:11:54 [INFO]: -------getByLabel------
2026-08-20 14:16:04 [INFO]: we are using playwright inbuilt locators
2026-08-20 14:16:04 [INFO]: -------getByLabel------
2026-08-20 14:16:05 [INFO]: we are using playwright inbuilt locators
2026-08-20 14:16:05 [INFO]: -------getByLabel------
2026-08-20 14:16:08 [INFO]: we are using playwright inbuilt locators
2026-08-20 14:16:08 [INFO]: -------getByLabel------
2026-08-20 14:17:08 [INFO]: we are using playwright inbuilt locators
2026-08-20 14:17:08 [INFO]: -------getByLabel------
2026-08-20 14:17:09 [INFO]: we are using playwright inbuilt locators
2026-08-20 14:17:09 [INFO]: -------getByLabel------
2026-08-20 14:17:14 [INFO]: we are using playwright inbuilt locators
2026-08-20 14:17:14 [INFO]: -------getByLabel------
2026-08-20 14:47:01 [INFO]: we are using playwright inbuilt locators
2026-08-20 14:47:01 [INFO]: -------getByLabel------
2026-08-20 14:47:02 [INFO]: we are using playwright inbuilt locators
2026-08-20 14:47:02 [INFO]: -------getByLabel------
2026-08-20 14:47:06 [INFO]: we are using playwright inbuilt locators
2026-08-20 14:47:06 [INFO]: -------getByLabel------
2026-08-20 14:48:56 [INFO]: we are using playwright inbuilt locators
2026-08-20 14:48:56 [INFO]: -------getByLabel------
2026-08-20 14:48:56 [INFO]: we are using playwright inbuilt locators
2026-08-20 14:48:56 [INFO]: -------getByLabel------
2026-08-20 14:49:00 [INFO]: we are using playwright inbuilt locators
2026-08-20 14:49:00 [INFO]: -------getByLabel------
2026-08-20 14:50:20 [INFO]: we are using playwright inbuilt locators
2026-08-20 14:50:20 [INFO]: -------getByLabel------
2026-08-20 14:50:20 [INFO]: we are using playwright inbuilt locators
2026-08-20 14:50:20 [INFO]: -------getByLabel------
2026-08-20 14:50:21 [INFO]: Login failed as expected.
2026-08-20 14:50:23 [INFO]: Login failed as expected.
2026-08-20 14:50:24 [INFO]: we are using playwright inbuilt locators
2026-08-20 14:50:24 [INFO]: -------getByLabel------
2026-08-20 14:50:26 [INFO]: Login failed as expected.
2026-08-20 15:53:54 [INFO]: we are using playwright inbuilt locators
2026-08-20 15:53:54 [INFO]: -------getByLabel------
2026-08-20 15:53:55 [INFO]: we are using playwright inbuilt locators
2026-08-20 15:53:55 [INFO]: -------getByLabel------
2026-08-20 15:54:30 [INFO]: we are using playwright inbuilt locators
2026-08-20 15:54:30 [INFO]: -------getByLabel------
2026-08-20 15:54:30 [INFO]: we are using playwright inbuilt locators
2026-08-20 15:54:30 [INFO]: -------getByLabel------
2026-08-20 15:54:35 [INFO]: we are using playwright inbuilt locators
2026-08-20 15:54:35 [INFO]: -------getByLabel------
2026-08-20 15:56:32 [INFO]: we are using playwright inbuilt locators
2026-08-20 15:56:32 [INFO]: -------getByLabel------
2026-08-20 15:56:33 [INFO]: we are using playwright inbuilt locators
2026-08-20 15:56:33 [INFO]: -------getByLabel------
2026-08-20 15:56:39 [INFO]: we are using playwright inbuilt locators
2026-08-20 15:56:39 [INFO]: -------getByLabel------
2026-08-20 15:59:25 [INFO]: we are using playwright inbuilt locators
2026-08-20 15:59:25 [INFO]: -------getByLabel------
2026-08-20 15:59:25 [INFO]: we are using playwright inbuilt locators
2026-08-20 15:59:25 [INFO]: -------getByLabel------
2026-08-20 15:59:26 [INFO]: Login failed as expected.
2026-08-20 15:59:31 [INFO]: Login failed as expected.
2026-08-20 15:59:32 [INFO]: we are using playwright inbuilt locators
2026-08-20 15:59:32 [INFO]: -------getByLabel------
2026-08-20 15:59:36 [INFO]: Login failed as expected.
2026-08-20 16:00:05 [INFO]: we are using playwright inbuilt locators
2026-08-20 16:00:05 [INFO]: -------getByLabel------
2026-08-20 16:00:06 [INFO]: we are using playwright inbuilt locators
2026-08-20 16:00:06 [INFO]: -------getByLabel------
2026-08-20 16:00:08 [INFO]: Login failed as expected.
2026-08-20 16:00:12 [INFO]: Login failed as expected.
2026-08-20 16:00:15 [INFO]: we are using playwright inbuilt locators
2026-08-20 16:00:15 [INFO]: -------getByLabel------
2026-08-20 16:00:17 [INFO]: Login failed as expected.
2026-08-20 16:02:50 [INFO]: we are using playwright inbuilt locators
2026-08-20 16:02:50 [INFO]: -------getByLabel------
2026-08-20 16:02:52 [INFO]: we are using playwright inbuilt locators
2026-08-20 16:02:52 [INFO]: -------getByLabel------
2026-08-20 16:02:52 [INFO]: Login failed as expected.
2026-08-20 16:02:57 [INFO]: Login failed as expected.
2026-08-20 16:02:58 [INFO]: we are using playwright inbuilt locators
2026-08-20 16:02:58 [INFO]: -------getByLabel------
2026-08-20 16:03:00 [INFO]: Login failed as expected.
2026-08-20 16:04:21 [INFO]: we are using playwright inbuilt locators
2026-08-20 16:04:21 [INFO]: -------getByLabel------
2026-08-20 16:04:22 [INFO]: we are using playwright inbuilt locators
2026-08-20 16:04:22 [INFO]: -------getByLabel------
2026-08-20 16:04:29 [INFO]: we are using playwright inbuilt locators
2026-08-20 16:04:29 [INFO]: -------getByLabel------
2026-08-24 15:53:48 [INFO]: Test suite execution started
2026-08-24 15:53:48 [INFO]: Test suite execution started
2026-08-24 15:53:48 [INFO]: Test suite execution started
2026-08-24 15:53:49 [INFO]: Test case execution started
2026-08-24 15:53:49 [INFO]: Test case execution started
2026-08-24 15:53:52 [INFO]: Test case execution started
2026-08-24 15:53:54 [INFO]: Test case execution completed
2026-08-24 15:53:54 [INFO]: Test suite execution completed
2026-08-24 15:53:55 [INFO]: Test case execution completed
2026-08-24 15:53:56 [INFO]: Test suite execution completed
2026-08-24 15:53:58 [INFO]: Test case execution completed
2026-08-24 15:53:59 [INFO]: Test suite execution completed
2026-08-24 16:15:47 [INFO]: Test suite execution started
2026-08-24 16:15:47 [INFO]: Test suite execution started
2026-08-24 16:15:47 [INFO]: Test suite execution started
2026-08-24 16:15:47 [INFO]: Test case execution started
2026-08-24 16:15:48 [INFO]: Test case execution started
2026-08-24 16:15:51 [INFO]: Test case execution started
2026-08-24 16:15:52 [INFO]: Test case execution completed
2026-08-24 16:15:53 [INFO]: Test suite execution completed
2026-08-24 16:15:54 [INFO]: Test case execution completed
2026-08-24 16:15:55 [INFO]: Test suite execution completed
2026-08-24 16:15:56 [INFO]: Test case execution completed
2026-08-24 16:15:56 [INFO]: Test suite execution completed
2026-08-24 18:53:06 [INFO]: Test suite execution started
2026-08-24 18:53:06 [INFO]: Test suite execution started
2026-08-24 18:53:06 [INFO]: Test suite execution started
2026-08-24 18:53:06 [INFO]: Test case execution started
2026-08-24 18:53:07 [INFO]: Test case execution started
2026-08-24 18:53:11 [INFO]: Test case execution started
2026-08-24 18:53:21 [INFO]: Test case execution completed
2026-08-24 18:53:23 [INFO]: Test suite execution completed
2026-08-24 18:53:24 [INFO]: Test case execution completed
2026-08-24 18:53:24 [INFO]: Test case execution completed
2026-08-24 18:53:25 [INFO]: Test suite execution completed
2026-08-24 18:53:26 [INFO]: Test suite execution completed
2026-08-26 16:01:44 [INFO]: Navigating to login page
2026-08-26 16:08:06 [INFO]: Navigating to login page
2026-08-26 16:10:03 [INFO]: Navigating to login page
2026-08-26 16:10:04 [INFO]: Navigating to login page
2026-08-26 16:10:04 [INFO]: Login successful
2026-08-26 16:10:04 [INFO]: Getting inventory items count
2026-08-26 16:10:04 [INFO]: Clicked on first item add to cart button
2026-08-26 16:10:04 [INFO]: Clicked on cart link
2026-08-26 16:10:04 [INFO]: Clicked on checkout button
2026-08-26 16:10:04 [INFO]: Entered first name
2026-08-26 16:10:04 [INFO]: Entered last name
2026-08-26 16:10:04 [INFO]: Entered postal code
2026-08-26 16:10:04 [INFO]: Clicked on continue button
2026-08-26 16:10:04 [INFO]: Clicked on finish button
2026-08-26 16:10:04 [INFO]: Getting complete header text
2026-08-26 16:10:04 [INFO]: Checkout complete verified
2026-08-26 16:10:05 [INFO]: Login successful
2026-08-26 16:10:05 [INFO]: Getting inventory items count
2026-08-26 16:10:05 [INFO]: Clicked on first item add to cart button
2026-08-26 16:10:05 [INFO]: Clicked on cart link
2026-08-26 16:10:06 [INFO]: Clicked on checkout button
2026-08-26 16:10:06 [INFO]: Entered first name
2026-08-26 16:10:06 [INFO]: Entered last name
2026-08-26 16:10:06 [INFO]: Entered postal code
2026-08-26 16:10:07 [INFO]: Clicked on continue button
2026-08-26 16:10:07 [INFO]: Clicked on finish button
2026-08-26 16:10:07 [INFO]: Getting complete header text
2026-08-26 16:10:07 [INFO]: Checkout complete verified
2026-08-26 16:10:08 [INFO]: Navigating to login page
2026-08-26 16:10:10 [INFO]: Login successful
2026-08-26 16:10:10 [INFO]: Getting inventory items count
2026-08-26 16:10:10 [INFO]: Clicked on first item add to cart button
2026-08-26 16:10:10 [INFO]: Clicked on cart link
2026-08-26 16:10:10 [INFO]: Clicked on checkout button
2026-08-26 16:10:10 [INFO]: Entered first name
2026-08-26 16:10:11 [INFO]: Entered last name
2026-08-26 16:10:11 [INFO]: Entered postal code
2026-08-26 16:10:11 [INFO]: Clicked on continue button
2026-08-26 16:10:11 [INFO]: Clicked on finish button
2026-08-26 16:10:11 [INFO]: Getting complete header text
2026-08-26 16:10:11 [INFO]: Checkout complete verified
2026-08-26 16:11:17 [INFO]: Navigating to login page
2026-08-26 16:11:17 [INFO]: Navigating to login page
2026-08-26 16:11:18 [INFO]: Login successful
2026-08-26 16:11:18 [INFO]: Getting inventory items count
2026-08-26 16:11:18 [INFO]: Clicked on first item add to cart button
2026-08-26 16:11:18 [INFO]: Clicked on cart link
2026-08-26 16:11:18 [INFO]: Clicked on checkout button
2026-08-26 16:11:18 [INFO]: Entered first name
2026-08-26 16:11:18 [INFO]: Entered last name
2026-08-26 16:11:18 [INFO]: Entered postal code
2026-08-26 16:11:18 [INFO]: Clicked on continue button
2026-08-26 16:11:18 [INFO]: Clicked on finish button
2026-08-26 16:11:18 [INFO]: Getting complete header text
2026-08-26 16:11:18 [INFO]: Checkout complete verified
2026-08-26 16:11:18 [INFO]: Login successful
2026-08-26 16:11:18 [INFO]: Getting inventory items count
2026-08-26 16:11:19 [INFO]: Clicked on first item add to cart button
2026-08-26 16:11:20 [INFO]: Clicked on cart link
2026-08-26 16:11:20 [INFO]: Clicked on checkout button
2026-08-26 16:11:21 [INFO]: Entered first name
2026-08-26 16:11:21 [INFO]: Entered last name
2026-08-26 16:11:21 [INFO]: Entered postal code
2026-08-26 16:11:21 [INFO]: Clicked on continue button
2026-08-26 16:11:21 [INFO]: Clicked on finish button
2026-08-26 16:11:21 [INFO]: Getting complete header text
2026-08-26 16:11:22 [INFO]: Checkout complete verified
2026-08-26 16:11:22 [INFO]: Navigating to login page
2026-08-26 16:11:23 [INFO]: Login successful
2026-08-26 16:11:23 [INFO]: Getting inventory items count
2026-08-26 16:11:23 [INFO]: Clicked on first item add to cart button
2026-08-26 16:11:23 [INFO]: Clicked on cart link
2026-08-26 16:11:23 [INFO]: Clicked on checkout button
2026-08-26 16:11:23 [INFO]: Entered first name
2026-08-26 16:11:23 [INFO]: Entered last name
2026-08-26 16:11:23 [INFO]: Entered postal code
2026-08-26 16:11:24 [INFO]: Clicked on continue button
2026-08-26 16:11:24 [INFO]: Clicked on finish button
2026-08-26 16:11:24 [INFO]: Getting complete header text
2026-08-26 16:11:24 [INFO]: Checkout complete verified
2026-08-26 19:50:42 [INFO]: Navigating to login page
2026-08-26 19:50:42 [INFO]: Navigating to login page
2026-08-26 19:50:43 [INFO]: Login successful
2026-08-26 19:50:43 [INFO]: Getting inventory items count
2026-08-26 19:50:43 [INFO]: Clicked on first item add to cart button
2026-08-26 19:50:43 [INFO]: Clicked on cart link
2026-08-26 19:50:43 [INFO]: Clicked on checkout button
2026-08-26 19:50:43 [INFO]: Entered first name
2026-08-26 19:50:43 [INFO]: Entered last name
2026-08-26 19:50:43 [INFO]: Entered postal code
2026-08-26 19:50:44 [INFO]: Clicked on continue button
2026-08-26 19:50:44 [INFO]: Clicked on finish button
2026-08-26 19:50:44 [INFO]: Login successful
2026-08-26 19:50:44 [INFO]: Getting inventory items count
2026-08-26 19:50:44 [INFO]: Clicked on first item add to cart button
2026-08-26 19:50:44 [INFO]: Clicked on cart link
2026-08-26 19:50:45 [INFO]: Clicked on checkout button
2026-08-26 19:50:45 [INFO]: Entered first name
2026-08-26 19:50:45 [INFO]: Entered last name
2026-08-26 19:50:45 [INFO]: Entered postal code
2026-08-26 19:50:45 [INFO]: Clicked on continue button
2026-08-26 19:50:45 [INFO]: Navigating to login page
2026-08-26 19:50:46 [INFO]: Clicked on finish button
2026-08-26 19:50:47 [INFO]: Login successful
2026-08-26 19:50:47 [INFO]: Getting inventory items count
2026-08-26 19:50:47 [INFO]: Clicked on first item add to cart button
2026-08-26 19:50:47 [INFO]: Clicked on cart link
2026-08-26 19:50:47 [INFO]: Clicked on checkout button
2026-08-26 19:50:47 [INFO]: Entered first name
2026-08-26 19:50:47 [INFO]: Entered last name
2026-08-26 19:50:47 [INFO]: Entered postal code
2026-08-26 19:50:47 [INFO]: Clicked on continue button
2026-08-26 19:50:47 [INFO]: Clicked on finish button
2026-08-26 19:58:22 [INFO]: Navigating to login page
2026-08-26 19:58:22 [INFO]: Navigating to login page
2026-08-26 19:58:23 [INFO]: Login successful
2026-08-26 19:58:23 [INFO]: Getting inventory items count
2026-08-26 19:58:23 [INFO]: Clicked on first item add to cart button
2026-08-26 19:58:23 [INFO]: Clicked on cart link
2026-08-26 19:58:23 [INFO]: Clicked on checkout button
2026-08-26 19:58:23 [INFO]: Entered first name
2026-08-26 19:58:23 [INFO]: Entered last name
2026-08-26 19:58:23 [INFO]: Entered postal code
2026-08-26 19:58:23 [INFO]: Clicked on continue button
2026-08-26 19:58:23 [INFO]: Clicked on finish button
2026-08-26 19:58:23 [INFO]: Getting complete header text
2026-08-26 19:58:23 [INFO]: Getting checkout complete text
2026-08-26 19:58:23 [INFO]: Login successful
2026-08-26 19:58:23 [INFO]: Getting inventory items count
2026-08-26 19:58:24 [INFO]: Clicked on first item add to cart button
2026-08-26 19:58:24 [INFO]: Clicked on cart link
2026-08-26 19:58:25 [INFO]: Clicked on checkout button
2026-08-26 19:58:25 [INFO]: Entered first name
2026-08-26 19:58:25 [INFO]: Entered last name
2026-08-26 19:58:25 [INFO]: Entered postal code
2026-08-26 19:58:25 [INFO]: Clicked on continue button
2026-08-26 19:58:26 [INFO]: Clicked on finish button
2026-08-26 19:58:26 [INFO]: Navigating to login page
2026-08-26 19:58:26 [INFO]: Getting complete header text
2026-08-26 19:58:26 [INFO]: Getting checkout complete text
2026-08-26 19:58:27 [INFO]: Login successful
2026-08-26 19:58:27 [INFO]: Getting inventory items count
2026-08-26 19:58:27 [INFO]: Clicked on first item add to cart button
2026-08-26 19:58:27 [INFO]: Clicked on cart link
2026-08-26 19:58:28 [INFO]: Clicked on checkout button
2026-08-26 19:58:28 [INFO]: Entered first name
2026-08-26 19:58:28 [INFO]: Entered last name
2026-08-26 19:58:28 [INFO]: Entered postal code
2026-08-26 19:58:28 [INFO]: Clicked on continue button
2026-08-26 19:58:28 [INFO]: Clicked on finish button
2026-08-26 19:58:28 [INFO]: Getting complete header text
2026-08-26 19:58:28 [INFO]: Getting checkout complete text
2026-08-26 20:00:10 [INFO]: Navigating to login page
2026-08-26 20:00:10 [INFO]: Navigating to login page
2026-08-26 20:00:11 [INFO]: Login successful
2026-08-26 20:00:11 [INFO]: Getting inventory items count
2026-08-26 20:00:11 [INFO]: Login successful
2026-08-26 20:00:11 [INFO]: Getting inventory items count
2026-08-26 20:00:11 [INFO]: Clicked on first item add to cart button
2026-08-26 20:00:11 [INFO]: Clicked on cart link
2026-08-26 20:00:11 [INFO]: Clicked on checkout button
2026-08-26 20:00:11 [INFO]: Entered first name
2026-08-26 20:00:11 [INFO]: Entered last name
2026-08-26 20:00:11 [INFO]: Entered postal code
2026-08-26 20:00:12 [INFO]: Clicked on continue button
2026-08-26 20:00:12 [INFO]: Clicked on finish button
2026-08-26 20:00:12 [INFO]: Getting complete header text
2026-08-26 20:00:12 [INFO]: Getting checkout complete text
2026-08-26 20:00:12 [INFO]: Clicked on first item add to cart button
2026-08-26 20:00:13 [INFO]: Clicked on cart link
2026-08-26 20:00:13 [INFO]: Clicked on checkout button
2026-08-26 20:00:13 [INFO]: Entered first name
2026-08-26 20:00:13 [INFO]: Entered last name
2026-08-26 20:00:13 [INFO]: Entered postal code
2026-08-26 20:00:14 [INFO]: Clicked on continue button
2026-08-26 20:00:14 [INFO]: Clicked on finish button
2026-08-26 20:00:14 [INFO]: Navigating to login page
2026-08-26 20:00:14 [INFO]: Getting complete header text
2026-08-26 20:00:14 [INFO]: Getting checkout complete text
2026-08-26 20:00:16 [INFO]: Login successful
2026-08-26 20:00:16 [INFO]: Getting inventory items count
2026-08-26 20:00:16 [INFO]: Clicked on first item add to cart button
2026-08-26 20:00:16 [INFO]: Clicked on cart link
2026-08-26 20:00:16 [INFO]: Clicked on checkout button
2026-08-26 20:00:16 [INFO]: Entered first name
2026-08-26 20:00:16 [INFO]: Entered last name
2026-08-26 20:00:16 [INFO]: Entered postal code
2026-08-26 20:00:16 [INFO]: Clicked on continue button
2026-08-26 20:00:16 [INFO]: Clicked on finish button
2026-08-26 20:00:16 [INFO]: Getting complete header text
2026-08-26 20:00:16 [INFO]: Getting checkout complete text
2026-08-26 20:02:16 [INFO]: Navigating to login page
2026-08-26 20:02:16 [INFO]: Navigating to login page
2026-08-26 20:02:17 [INFO]: Login successful
2026-08-26 20:02:17 [INFO]: Getting inventory items count
2026-08-26 20:02:17 [INFO]: Clicked on first item add to cart button
2026-08-26 20:02:17 [INFO]: Clicked on cart link
2026-08-26 20:02:17 [INFO]: Clicked on checkout button
2026-08-26 20:02:17 [INFO]: Entered first name
2026-08-26 20:02:17 [INFO]: Entered last name
2026-08-26 20:02:17 [INFO]: Entered postal code
2026-08-26 20:02:17 [INFO]: Clicked on continue button
2026-08-26 20:02:17 [INFO]: Clicked on finish button
2026-08-26 20:02:17 [INFO]: Getting complete header text
2026-08-26 20:02:17 [INFO]: Getting checkout complete text
2026-08-26 20:02:17 [INFO]: Checkout complete verified
2026-08-26 20:02:17 [INFO]: Login successful
2026-08-26 20:02:17 [INFO]: Getting inventory items count
2026-08-26 20:02:18 [INFO]: Clicked on first item add to cart button
2026-08-26 20:02:18 [INFO]: Clicked on cart link
2026-08-26 20:02:19 [INFO]: Clicked on checkout button
2026-08-26 20:02:19 [INFO]: Entered first name
2026-08-26 20:02:19 [INFO]: Entered last name
2026-08-26 20:02:19 [INFO]: Entered postal code
2026-08-26 20:02:19 [INFO]: Clicked on continue button
2026-08-26 20:02:19 [INFO]: Navigating to login page
2026-08-26 20:02:19 [INFO]: Clicked on finish button
2026-08-26 20:02:20 [INFO]: Getting complete header text
2026-08-26 20:02:20 [INFO]: Getting checkout complete text
2026-08-26 20:02:20 [INFO]: Checkout complete verified
2026-08-26 20:02:21 [INFO]: Login successful
2026-08-26 20:02:21 [INFO]: Getting inventory items count
2026-08-26 20:02:21 [INFO]: Clicked on first item add to cart button
2026-08-26 20:02:21 [INFO]: Clicked on cart link
2026-08-26 20:02:21 [INFO]: Clicked on checkout button
2026-08-26 20:02:21 [INFO]: Entered first name
2026-08-26 20:02:21 [INFO]: Entered last name
2026-08-26 20:02:21 [INFO]: Entered postal code
2026-08-26 20:02:22 [INFO]: Clicked on continue button
2026-08-26 20:02:22 [INFO]: Clicked on finish button
2026-08-26 20:02:22 [INFO]: Getting complete header text
2026-08-26 20:02:22 [INFO]: Getting checkout complete text
2026-08-26 20:02:22 [INFO]: Checkout complete verified
2026-08-26 20:56:34 [INFO]: Navigating to login page
2026-08-26 20:56:34 [INFO]: Navigating to login page
2026-08-26 20:56:40 [INFO]: Navigating to login page
2026-08-26 20:57:15 [INFO]: Navigating to login page
2026-08-26 20:57:16 [INFO]: Navigating to login page
2026-08-26 20:57:17 [INFO]: Login successful
2026-08-26 20:57:17 [INFO]: Getting inventory items count
2026-08-26 20:57:17 [INFO]: Clicked on first item add to cart button
2026-08-26 20:57:17 [INFO]: Clicked on cart link
2026-08-26 20:57:17 [INFO]: Clicked on checkout button
2026-08-26 20:57:17 [INFO]: Entered first name
2026-08-26 20:57:17 [INFO]: Entered last name
2026-08-26 20:57:17 [INFO]: Entered postal code
2026-08-26 20:57:17 [INFO]: Clicked on continue button
2026-08-26 20:57:18 [INFO]: Clicked on finish button
2026-08-26 20:57:18 [INFO]: Getting complete header text
2026-08-26 20:57:18 [INFO]: Getting checkout complete text
2026-08-26 20:57:18 [INFO]: Checkout complete verified
2026-08-26 20:57:19 [INFO]: Login successful
2026-08-26 20:57:19 [INFO]: Getting inventory items count
2026-08-26 20:57:20 [INFO]: Clicked on first item add to cart button
2026-08-26 20:57:20 [INFO]: Clicked on cart link
2026-08-26 20:57:20 [INFO]: Clicked on checkout button
2026-08-26 20:57:21 [INFO]: Entered first name
2026-08-26 20:57:21 [INFO]: Entered last name
2026-08-26 20:57:21 [INFO]: Entered postal code
2026-08-26 20:57:21 [INFO]: Clicked on continue button
2026-08-26 20:57:22 [INFO]: Clicked on finish button
2026-08-26 20:57:22 [INFO]: Getting complete header text
2026-08-26 20:57:22 [INFO]: Getting checkout complete text
2026-08-26 20:57:22 [INFO]: Checkout complete verified
2026-08-26 20:57:22 [INFO]: Navigating to login page
2026-08-26 20:57:23 [INFO]: Login successful
2026-08-26 20:57:23 [INFO]: Getting inventory items count
2026-08-26 20:57:24 [INFO]: Clicked on first item add to cart button
2026-08-26 20:57:24 [INFO]: Clicked on cart link
2026-08-26 20:57:24 [INFO]: Clicked on checkout button
2026-08-26 20:57:24 [INFO]: Entered first name
2026-08-26 20:57:24 [INFO]: Entered last name
2026-08-26 20:57:24 [INFO]: Entered postal code
2026-08-26 20:57:24 [INFO]: Clicked on continue button
2026-08-26 20:57:24 [INFO]: Clicked on finish button
2026-08-26 20:57:24 [INFO]: Getting complete header text
2026-08-26 20:57:24 [INFO]: Getting checkout complete text
2026-08-26 20:57:24 [INFO]: Checkout complete verified
2026-08-29 10:19:41 [INFO]: Test suite execution started
2026-08-29 10:19:41 [INFO]: Test suite execution started
2026-08-29 10:19:42 [INFO]: Test suite execution started
2026-08-29 10:19:43 [INFO]: Test case execution started
2026-08-29 10:19:44 [INFO]: Test case execution started
2026-08-29 10:19:47 [INFO]: Test case execution completed
2026-08-29 10:19:48 [INFO]: Test case execution started
2026-08-29 10:19:48 [INFO]: Test suite execution completed
2026-08-29 10:19:49 [INFO]: Test case execution completed
2026-08-29 10:19:49 [INFO]: Test suite execution completed
2026-08-29 10:19:53 [INFO]: Test case execution completed
2026-08-29 10:19:53 [INFO]: Test suite execution completed
2026-08-29 10:24:48 [INFO]: Test suite execution started
2026-08-29 10:24:48 [INFO]: Test suite execution started
2026-08-29 10:24:48 [INFO]: Test suite execution started
2026-08-29 10:24:49 [INFO]: Test case execution started
2026-08-29 10:24:49 [INFO]: Test case execution started
2026-08-29 10:24:50 [INFO]: navigated to wikipedia
2026-08-29 10:24:50 [INFO]: navigated to wikipedia
2026-08-29 10:24:50 [INFO]: scrolled to the element
2026-08-29 10:24:50 [INFO]: element is visible in the viewport
2026-08-29 10:24:50 [INFO]: scrolled to the element
2026-08-29 10:24:50 [INFO]: element is visible in the viewport
2026-08-29 10:24:52 [INFO]: Test case execution started
2026-08-29 10:24:53 [INFO]: navigated to wikipedia
2026-08-29 10:24:53 [INFO]: waited for 3 seconds
2026-08-29 10:24:53 [INFO]: Test case execution completed
2026-08-29 10:24:53 [INFO]: Test case execution completed
2026-08-29 10:24:53 [INFO]: scrolled to the element
2026-08-29 10:24:53 [INFO]: element is visible in the viewport
2026-08-29 10:24:53 [INFO]: waited for 3 seconds
2026-08-29 10:24:53 [INFO]: Test case execution completed
2026-08-29 10:24:53 [INFO]: Test case execution completed
2026-08-29 10:24:53 [INFO]: Test suite execution completed
2026-08-29 10:24:53 [INFO]: Test suite execution completed
2026-08-29 10:24:54 [INFO]: Test suite execution completed
2026-08-29 10:24:54 [INFO]: Test suite execution completed
2026-08-29 10:24:56 [INFO]: waited for 3 seconds
2026-08-29 10:24:56 [INFO]: Test case execution completed
2026-08-29 10:24:56 [INFO]: Test case execution completed
2026-08-29 10:24:56 [INFO]: Test suite execution completed
2026-08-29 10:24:56 [INFO]: Test suite execution completed
2026-08-30 10:11:31 [INFO]: Test suite execution started
2026-08-30 10:11:31 [INFO]: Test suite execution started
2026-08-30 10:11:31 [INFO]: Test suite execution started
2026-08-30 10:11:34 [INFO]: Test case execution started
2026-08-30 10:11:35 [INFO]: Test case execution started
2026-08-30 10:11:40 [INFO]: Test case execution started
2026-08-30 10:11:41 [INFO]: Test case execution completed
2026-08-30 10:11:41 [INFO]: Test case execution completed
2026-08-30 10:11:42 [INFO]: Test case execution completed
2026-08-30 10:11:42 [INFO]: Test case execution completed
2026-08-30 10:11:43 [INFO]: Test suite execution completed
2026-08-30 10:11:43 [INFO]: Test suite execution completed
2026-08-30 10:11:44 [INFO]: Test suite execution completed
2026-08-30 10:11:44 [INFO]: Test suite execution completed
2026-08-30 10:11:47 [INFO]: Test case execution completed
2026-08-30 10:11:47 [INFO]: Test case execution completed
2026-08-30 10:11:47 [INFO]: Test suite execution completed
2026-08-30 10:11:47 [INFO]: Test suite execution completed
2026-08-30 10:19:18 [INFO]: Test suite execution started
2026-08-30 10:19:18 [INFO]: Test suite execution started
2026-08-30 10:19:18 [INFO]: Test suite execution started
2026-08-30 10:19:18 [INFO]: Test suite execution started
2026-08-30 10:19:18 [INFO]: Test suite execution started
2026-08-30 10:19:18 [INFO]: Test suite execution started
2026-08-30 10:19:18 [INFO]: Test case execution started
2026-08-30 10:19:18 [INFO]: Test case execution started
2026-08-30 10:19:19 [INFO]: Test case execution started
2026-08-30 10:19:19 [INFO]: Test case execution started
2026-08-30 10:19:22 [INFO]: Test case execution started
2026-08-30 10:19:22 [INFO]: Test case execution completed
2026-08-30 10:19:22 [INFO]: Test case execution completed
2026-08-30 10:19:23 [INFO]: Test case execution completed
2026-08-30 10:19:23 [INFO]: Test case execution completed
2026-08-30 10:19:23 [INFO]: Test suite execution completed
2026-08-30 10:19:23 [INFO]: Test suite execution completed
2026-08-30 10:19:23 [INFO]: Test case execution started
2026-08-30 10:19:23 [INFO]: Test suite execution completed
2026-08-30 10:19:23 [INFO]: Test suite execution completed
2026-08-30 10:19:31 [INFO]: Test case execution completed
2026-08-30 10:19:31 [INFO]: Test case execution completed
2026-08-30 10:19:31 [INFO]: Test suite execution completed
2026-08-30 10:19:31 [INFO]: Test suite execution completed
2026-08-30 10:19:36 [INFO]: Test case execution completed
2026-08-30 10:19:36 [INFO]: Test case execution completed
2026-08-30 10:19:36 [INFO]: Test suite execution completed
2026-08-30 10:19:36 [INFO]: Test suite execution completed
2026-08-30 10:19:36 [INFO]: Test case execution completed
2026-08-30 10:19:36 [INFO]: Test case execution completed
2026-08-30 10:19:37 [INFO]: Test suite execution completed
2026-08-30 10:19:37 [INFO]: Test suite execution completed
2026-08-30 10:19:41 [INFO]: Test case execution completed
2026-08-30 10:19:41 [INFO]: Test case execution completed
2026-08-30 10:19:41 [INFO]: Test suite execution completed
2026-08-30 10:19:41 [INFO]: Test suite execution completed
2026-08-30 10:21:58 [INFO]: Test suite execution started
2026-08-30 10:21:58 [INFO]: Test suite execution started
2026-08-30 10:21:58 [INFO]: Test suite execution started
2026-08-30 10:21:58 [INFO]: Test suite execution started
2026-08-30 10:21:58 [INFO]: Test suite execution started
2026-08-30 10:21:59 [INFO]: Test suite execution started
2026-08-30 10:21:59 [INFO]: Test case execution started
2026-08-30 10:21:59 [INFO]: Test case execution started
2026-08-30 10:22:00 [INFO]: Test case execution started
2026-08-30 10:22:00 [INFO]: Test case execution started
2026-08-30 10:22:03 [INFO]: Test case execution started
2026-08-30 10:22:03 [INFO]: Test case execution completed
2026-08-30 10:22:03 [INFO]: Test case execution completed
2026-08-30 10:22:04 [INFO]: Test suite execution completed
2026-08-30 10:22:04 [INFO]: Test suite execution completed
2026-08-30 10:22:04 [INFO]: Test case execution completed
2026-08-30 10:22:04 [INFO]: Test case execution completed
2026-08-30 10:22:04 [INFO]: Test case execution started
2026-08-30 10:22:04 [INFO]: Test suite execution completed
2026-08-30 10:22:04 [INFO]: Test suite execution completed
2026-08-30 10:22:12 [INFO]: Test case execution completed
2026-08-30 10:22:12 [INFO]: Test case execution completed
2026-08-30 10:22:12 [INFO]: Test suite execution completed
2026-08-30 10:22:12 [INFO]: Test suite execution completed
2026-08-30 10:22:16 [INFO]: Test case execution completed
2026-08-30 10:22:16 [INFO]: Test case execution completed
2026-08-30 10:22:17 [INFO]: Test suite execution completed
2026-08-30 10:22:17 [INFO]: Test suite execution completed
2026-08-30 10:22:17 [INFO]: Test case execution completed
2026-08-30 10:22:17 [INFO]: Test case execution completed
2026-08-30 10:22:18 [INFO]: Test suite execution completed
2026-08-30 10:22:18 [INFO]: Test suite execution completed
2026-08-30 10:22:22 [INFO]: Test case execution completed
2026-08-30 10:22:22 [INFO]: Test case execution completed
2026-08-30 10:22:22 [INFO]: Test suite execution completed
2026-08-30 10:22:22 [INFO]: Test suite execution completed
2026-08-30 10:25:06 [INFO]: Test suite execution started
2026-08-30 10:25:06 [INFO]: Test suite execution started
2026-08-30 10:25:06 [INFO]: Test suite execution started
2026-08-30 10:25:07 [INFO]: Test case execution started
2026-08-30 10:25:07 [INFO]: Test case execution started
2026-08-30 10:25:10 [INFO]: Test case execution started
2026-08-30 10:25:13 [INFO]: Test case execution completed
2026-08-30 10:25:13 [INFO]: Test case execution completed
2026-08-30 10:25:14 [INFO]: Test case execution completed
2026-08-30 10:25:14 [INFO]: Test case execution completed
2026-08-30 10:25:14 [INFO]: Test suite execution completed
2026-08-30 10:25:14 [INFO]: Test suite execution completed
2026-08-30 10:25:14 [INFO]: Test suite execution completed
2026-08-30 10:25:14 [INFO]: Test suite execution completed
2026-08-30 10:25:17 [INFO]: Test case execution completed
2026-08-30 10:25:17 [INFO]: Test case execution completed
2026-08-30 10:25:17 [INFO]: Test suite execution completed
2026-08-30 10:25:17 [INFO]: Test suite execution completed
2026-08-30 10:27:24 [INFO]: Test suite execution started
2026-08-30 10:27:24 [INFO]: Test suite execution started
2026-08-30 10:27:24 [INFO]: Test suite execution started
2026-08-30 10:27:24 [INFO]: Test case execution started
2026-08-30 10:27:25 [INFO]: Test case execution started
2026-08-30 10:27:27 [INFO]: Test case execution started
2026-08-30 10:27:40 [INFO]: Test case execution completed
2026-08-30 10:27:40 [INFO]: Test case execution completed
2026-08-30 10:27:41 [INFO]: Test case execution completed
2026-08-30 10:27:41 [INFO]: Test case execution completed
2026-08-30 10:27:41 [INFO]: Test suite execution completed
2026-08-30 10:27:41 [INFO]: Test suite execution completed
2026-08-30 10:27:41 [INFO]: Test suite execution completed
2026-08-30 10:27:41 [INFO]: Test suite execution completed
2026-08-30 10:27:44 [INFO]: Test case execution completed
2026-08-30 10:27:44 [INFO]: Test case execution completed
2026-08-30 10:27:44 [INFO]: Test suite execution completed
2026-08-30 10:27:44 [INFO]: Test suite execution completed
2026-08-30 11:25:59 [INFO]: Test suite execution started
2026-08-30 11:25:59 [INFO]: Test suite execution started
2026-08-30 11:25:59 [INFO]: Test suite execution started
2026-08-30 11:25:59 [INFO]: Test suite execution started
2026-08-30 11:25:59 [INFO]: Test suite execution started
2026-08-30 11:25:59 [INFO]: Test suite execution started
2026-08-30 11:26:00 [INFO]: Test case execution started
2026-08-30 11:26:00 [INFO]: Test case execution started
2026-08-30 11:26:01 [INFO]: Test case execution started
2026-08-30 11:26:01 [INFO]: Test case execution started
2026-08-30 11:26:04 [INFO]: Test case execution started
2026-08-30 11:26:05 [INFO]: Test case execution started
2026-08-30 11:26:07 [INFO]: Test case execution completed
2026-08-30 11:26:07 [INFO]: Test case execution completed
2026-08-30 11:26:07 [INFO]: Test case execution completed
2026-08-30 11:26:07 [INFO]: Test case execution completed
2026-08-30 11:26:07 [INFO]: Test case execution completed
2026-08-30 11:26:07 [INFO]: Test case execution completed
2026-08-30 11:26:07 [INFO]: Test case execution completed
2026-08-30 11:26:07 [INFO]: Test case execution completed
2026-08-30 11:26:08 [INFO]: Test suite execution completed
2026-08-30 11:26:08 [INFO]: Test suite execution completed
2026-08-30 11:26:08 [INFO]: Test suite execution completed
2026-08-30 11:26:08 [INFO]: Test suite execution completed
2026-08-30 11:26:08 [INFO]: Test suite execution completed
2026-08-30 11:26:08 [INFO]: Test suite execution completed
2026-08-30 11:26:08 [INFO]: Test suite execution completed
2026-08-30 11:26:08 [INFO]: Test suite execution completed
2026-08-30 11:26:10 [INFO]: Test case execution completed
2026-08-30 11:26:10 [INFO]: Test case execution completed
2026-08-30 11:26:10 [INFO]: Test suite execution completed
2026-08-30 11:26:10 [INFO]: Test suite execution completed
2026-08-30 11:26:11 [INFO]: Test case execution completed
2026-08-30 11:26:11 [INFO]: Test case execution completed
2026-08-30 11:26:11 [INFO]: Test suite execution completed
2026-08-30 11:26:11 [INFO]: Test suite execution completed
2026-08-30 11:27:09 [INFO]: Test suite execution started
2026-08-30 11:27:09 [INFO]: Test suite execution started
2026-08-30 11:27:09 [INFO]: Test suite execution started
2026-08-30 11:27:09 [INFO]: Test suite execution started
2026-08-30 11:27:09 [INFO]: Test suite execution started
2026-08-30 11:27:09 [INFO]: Test suite execution started
2026-08-30 11:27:10 [INFO]: Test case execution started
2026-08-30 11:27:10 [INFO]: Test case execution started
2026-08-30 11:27:10 [INFO]: Test case execution started
2026-08-30 11:27:11 [INFO]: Test case execution started
2026-08-30 11:27:15 [INFO]: Test case execution started
2026-08-30 11:27:16 [INFO]: Test case execution started
2026-08-30 11:27:17 [INFO]: Test case execution completed
2026-08-30 11:27:17 [INFO]: Test case execution completed
2026-08-30 11:27:18 [INFO]: Test suite execution completed
2026-08-30 11:27:18 [INFO]: Test suite execution completed
2026-08-30 11:27:18 [INFO]: Test case execution completed
2026-08-30 11:27:18 [INFO]: Test case execution completed
2026-08-30 11:27:19 [INFO]: Test suite execution completed
2026-08-30 11:27:19 [INFO]: Test suite execution completed
2026-08-30 11:27:23 [INFO]: Test case execution completed
2026-08-30 11:27:23 [INFO]: Test case execution completed
2026-08-30 11:27:24 [INFO]: Test suite execution completed
2026-08-30 11:27:24 [INFO]: Test suite execution completed
2026-08-30 11:27:27 [INFO]: Test case execution completed
2026-08-30 11:27:27 [INFO]: Test case execution completed
2026-08-30 11:27:28 [INFO]: Test suite execution completed
2026-08-30 11:27:28 [INFO]: Test suite execution completed
2026-08-30 11:27:29 [INFO]: Test case execution completed
2026-08-30 11:27:29 [INFO]: Test case execution completed
2026-08-30 11:27:29 [INFO]: Test suite execution completed
2026-08-30 11:27:29 [INFO]: Test suite execution completed
2026-08-30 11:27:40 [INFO]: Test case execution completed
2026-08-30 11:27:40 [INFO]: Test case execution completed
2026-08-30 11:27:40 [INFO]: Test suite execution completed
2026-08-30 11:27:40 [INFO]: Test suite execution completed
2026-09-02 20:16:45 [INFO]: Navigating to login page
2026-09-02 20:16:46 [INFO]: Navigating to login page
2026-09-02 20:16:50 [INFO]: Navigating to login page
2026-09-04 15:20:41 [INFO]: Navigating to login page
2026-09-04 15:20:42 [INFO]: Navigating to login page
2026-09-04 15:20:44 [INFO]: Navigating to login page
2026-09-06 10:03:25 [INFO]: Test suite execution started
2026-09-06 10:03:25 [INFO]: Test suite execution started
2026-09-06 10:03:33 [INFO]: Test case execution started
2026-09-06 10:03:33 [INFO]: Navigating to login page
2026-09-06 10:03:33 [INFO]: Test case execution started
2026-09-06 10:03:40 [INFO]: Test case execution completed
2026-09-06 10:03:40 [INFO]: Test case execution completed
2026-09-06 10:03:41 [INFO]: Navigating to login page
2026-09-06 10:03:42 [INFO]: Test suite execution completed
2026-09-06 10:03:42 [INFO]: Test suite execution completed
2026-09-06 10:03:46 [INFO]: Test suite execution started
2026-09-06 10:03:48 [INFO]: Test case execution started
2026-09-06 10:03:49 [INFO]: Test suite execution started
2026-09-06 10:03:49 [INFO]: Test case execution completed
2026-09-06 10:03:49 [INFO]: Test case execution completed
2026-09-06 10:03:51 [INFO]: Test suite execution completed
2026-09-06 10:03:51 [INFO]: Test suite execution completed
2026-09-06 10:03:54 [INFO]: Test case execution completed
2026-09-06 10:03:54 [INFO]: Test case execution completed
2026-09-06 10:03:55 [INFO]: Test suite execution completed
2026-09-06 10:03:55 [INFO]: Test suite execution completed
2026-09-06 10:03:57 [INFO]: Test case execution started
2026-09-06 10:04:03 [INFO]: Navigating to login page
2026-09-06 10:04:09 [INFO]: Test suite execution started
2026-09-06 10:04:09 [INFO]: Test suite execution started
2026-09-06 10:04:10 [INFO]: Test case execution started
2026-09-06 10:04:10 [INFO]: Test case execution started
2026-09-06 10:04:14 [INFO]: Test case execution completed
2026-09-06 10:04:14 [INFO]: Test case execution completed
2026-09-06 10:04:15 [INFO]: Test suite execution completed
2026-09-06 10:04:15 [INFO]: Test suite execution completed
2026-09-06 10:04:16 [INFO]: Test case execution completed
2026-09-06 10:04:16 [INFO]: Test case execution completed
2026-09-06 10:04:17 [INFO]: Test suite execution completed
2026-09-06 10:04:17 [INFO]: Test suite execution completed
2026-09-06 10:04:26 [INFO]: Test case execution completed
2026-09-06 10:04:26 [INFO]: Test case execution completed
2026-09-06 10:04:27 [INFO]: Test suite execution completed
2026-09-06 10:04:27 [INFO]: Test suite execution completed
2026-09-06 10:05:53 [INFO]: Test suite execution started
2026-09-06 10:05:53 [INFO]: Test suite execution started
2026-09-06 10:05:57 [INFO]: Test case execution started
2026-09-06 10:05:57 [INFO]: Test case execution started
2026-09-06 10:05:58 [INFO]: Navigating to login page
2026-09-06 10:05:59 [INFO]: Login successful
2026-09-06 10:05:59 [INFO]: Getting inventory items count
2026-09-06 10:05:59 [INFO]: Clicked on first item add to cart button
2026-09-06 10:05:59 [INFO]: Clicked on cart link
2026-09-06 10:05:59 [INFO]: Clicked on checkout button
2026-09-06 10:05:59 [INFO]: Entered first name
2026-09-06 10:05:59 [INFO]: Entered last name
2026-09-06 10:05:59 [INFO]: Entered postal code
2026-09-06 10:05:59 [INFO]: Clicked on continue button
2026-09-06 10:05:59 [INFO]: Clicked on finish button
2026-09-06 10:05:59 [INFO]: Getting complete header text
2026-09-06 10:05:59 [INFO]: Getting checkout complete text
2026-09-06 10:05:59 [INFO]: Checkout complete verified
2026-09-06 10:06:04 [INFO]: Test case execution completed
2026-09-06 10:06:04 [INFO]: Test case execution completed
2026-09-06 10:06:05 [INFO]: Test suite execution completed
2026-09-06 10:06:05 [INFO]: Test suite execution completed
2026-09-06 10:06:13 [INFO]: Test case execution completed
2026-09-06 10:06:13 [INFO]: Test case execution completed
2026-09-06 10:06:14 [INFO]: Test suite execution completed
2026-09-06 10:06:14 [INFO]: Test suite execution completed
2026-09-07 20:38:31 [INFO]: Test suite execution started
2026-09-07 20:38:31 [INFO]: Test suite execution started
2026-09-07 20:38:38 [INFO]: Test case execution started
2026-09-07 20:38:38 [INFO]: Test case execution started
2026-09-07 20:38:38 [INFO]: Navigating to login page
2026-09-07 20:38:44 [INFO]: Test case execution completed
2026-09-07 20:38:44 [INFO]: Test case execution completed
2026-09-07 20:38:44 [INFO]: Test suite execution completed
2026-09-07 20:38:44 [INFO]: Test suite execution completed
2026-09-07 20:38:54 [INFO]: Test case execution completed
2026-09-07 20:38:54 [INFO]: Test case execution completed
2026-09-07 20:38:54 [INFO]: Test suite execution completed
2026-09-07 20:38:54 [INFO]: Test suite execution completed
2026-09-07 20:44:33 [INFO]: Test suite execution started
2026-09-07 20:44:33 [INFO]: Test suite execution started
2026-09-07 20:44:36 [INFO]: Test case execution started
2026-09-07 20:44:37 [INFO]: Test case execution started
2026-09-07 20:44:38 [INFO]: Navigating to login page
2026-09-07 20:44:39 [INFO]: Login successful
2026-09-07 20:44:39 [INFO]: Getting inventory items count
2026-09-07 20:44:39 [INFO]: Clicked on first item add to cart button
2026-09-07 20:44:39 [INFO]: Clicked on cart link
2026-09-07 20:44:39 [INFO]: Clicked on checkout button
2026-09-07 20:44:39 [INFO]: Entered first name
2026-09-07 20:44:39 [INFO]: Entered last name
2026-09-07 20:44:39 [INFO]: Entered postal code
2026-09-07 20:44:39 [INFO]: Clicked on continue button
2026-09-07 20:44:39 [INFO]: Clicked on finish button
2026-09-07 20:44:39 [INFO]: Getting complete header text
2026-09-07 20:44:39 [INFO]: Getting checkout complete text
2026-09-07 20:44:39 [INFO]: Checkout complete verified
2026-09-07 20:44:45 [INFO]: Test case execution completed
2026-09-07 20:44:45 [INFO]: Test case execution completed
2026-09-07 20:44:45 [INFO]: Test suite execution completed
2026-09-07 20:44:45 [INFO]: Test suite execution completed
2026-09-07 20:44:54 [INFO]: Test case execution completed
2026-09-07 20:44:54 [INFO]: Test case execution completed
2026-09-07 20:44:54 [INFO]: Test suite execution completed
2026-09-07 20:44:54 [INFO]: Test suite execution completed
2026-09-07 20:47:41 [INFO]: Test suite execution started
2026-09-07 20:47:41 [INFO]: Test suite execution started
2026-09-07 20:47:45 [INFO]: Test case execution started
2026-09-07 20:47:46 [INFO]: Test case execution started
2026-09-07 20:47:46 [INFO]: Navigating to login page
2026-09-07 20:47:47 [INFO]: Login successful
2026-09-07 20:47:47 [INFO]: Getting inventory items count
2026-09-07 20:47:47 [INFO]: Clicked on first item add to cart button
2026-09-07 20:47:47 [INFO]: Clicked on cart link
2026-09-07 20:47:47 [INFO]: Clicked on checkout button
2026-09-07 20:47:47 [INFO]: Entered first name
2026-09-07 20:47:47 [INFO]: Entered last name
2026-09-07 20:47:47 [INFO]: Entered postal code
2026-09-07 20:47:47 [INFO]: Clicked on continue button
2026-09-07 20:47:47 [INFO]: Clicked on finish button
2026-09-07 20:47:47 [INFO]: Getting complete header text
2026-09-07 20:47:47 [INFO]: Getting checkout complete text
2026-09-07 20:47:47 [INFO]: Checkout complete verified
2026-09-07 20:47:53 [INFO]: Test case execution completed
2026-09-07 20:47:53 [INFO]: Test case execution completed
2026-09-07 20:47:53 [INFO]: Test suite execution completed
2026-09-07 20:47:53 [INFO]: Test suite execution completed
2026-09-07 20:48:01 [INFO]: Test case execution completed
2026-09-07 20:48:01 [INFO]: Test case execution completed
2026-09-07 20:48:02 [INFO]: Test suite execution completed
2026-09-07 20:48:02 [INFO]: Test suite execution completed
2026-09-07 20:50:44 [INFO]: Test suite execution started
2026-09-07 20:50:44 [INFO]: Test suite execution started
2026-09-07 20:50:48 [INFO]: Test case execution started
2026-09-07 20:50:49 [INFO]: Navigating to login page
2026-09-07 20:50:50 [INFO]: Test case execution started
2026-09-07 20:50:50 [INFO]: Login successful
2026-09-07 20:50:50 [INFO]: Getting inventory items count
2026-09-07 20:50:51 [INFO]: Clicked on first item add to cart button
2026-09-07 20:50:51 [INFO]: Clicked on cart link
2026-09-07 20:50:51 [INFO]: Clicked on checkout button
2026-09-07 20:50:51 [INFO]: Entered first name
2026-09-07 20:50:51 [INFO]: Entered last name
2026-09-07 20:50:51 [INFO]: Entered postal code
2026-09-07 20:50:51 [INFO]: Clicked on continue button
2026-09-07 20:50:51 [INFO]: Clicked on finish button
2026-09-07 20:50:51 [INFO]: Getting complete header text
2026-09-07 20:50:51 [INFO]: Getting checkout complete text
2026-09-07 20:50:51 [INFO]: Checkout complete verified
2026-09-07 20:50:57 [INFO]: Test case execution completed
2026-09-07 20:50:57 [INFO]: Test case execution completed
2026-09-07 20:50:58 [INFO]: Test suite execution completed
2026-09-07 20:50:58 [INFO]: Test suite execution completed
2026-09-07 20:51:04 [INFO]: Test case execution completed
2026-09-07 20:51:04 [INFO]: Test case execution completed
2026-09-07 20:51:05 [INFO]: Test suite execution completed
2026-09-07 20:51:05 [INFO]: Test suite execution completed
2026-09-07 20:57:13 [INFO]: Test suite execution started
2026-09-07 20:57:17 [INFO]: Navigating to login page
2026-09-07 20:57:18 [INFO]: Login successful
2026-09-07 20:57:18 [INFO]: Getting inventory items count
2026-09-07 20:57:19 [INFO]: Clicked on first item add to cart button
2026-09-07 20:57:19 [INFO]: Clicked on cart link
2026-09-07 20:57:19 [INFO]: Clicked on checkout button
2026-09-07 20:57:19 [INFO]: Entered first name
2026-09-07 20:57:19 [INFO]: Entered last name
2026-09-07 20:57:19 [INFO]: Entered postal code
2026-09-07 20:57:20 [INFO]: Test case execution started
2026-09-07 20:57:20 [INFO]: Clicked on continue button
2026-09-07 20:57:20 [INFO]: Clicked on finish button
2026-09-07 20:57:20 [INFO]: Getting complete header text
2026-09-07 20:57:20 [INFO]: Getting checkout complete text
2026-09-07 20:57:20 [INFO]: Checkout complete verified
2026-09-07 20:57:20 [INFO]: Test suite execution started
2026-09-07 20:57:21 [INFO]: Test case execution started
2026-09-07 20:57:27 [INFO]: Test case execution completed
2026-09-07 20:57:27 [INFO]: Test case execution completed
2026-09-07 20:57:27 [INFO]: Test suite execution completed
2026-09-07 20:57:27 [INFO]: Test suite execution completed
2026-09-07 20:57:37 [INFO]: Test case execution completed
2026-09-07 20:57:37 [INFO]: Test case execution completed
2026-09-07 20:57:37 [INFO]: Test suite execution completed
2026-09-07 20:57:37 [INFO]: Test suite execution completed
2026-09-07 20:59:32 [INFO]: Test suite execution started
2026-09-07 20:59:32 [INFO]: Test suite execution started
2026-09-07 20:59:37 [INFO]: Navigating to login page
2026-09-07 20:59:38 [INFO]: Test case execution started
2026-09-07 20:59:38 [INFO]: Login successful
2026-09-07 20:59:38 [INFO]: Getting inventory items count
2026-09-07 20:59:39 [INFO]: Clicked on first item add to cart button
2026-09-07 20:59:39 [INFO]: Clicked on cart link
2026-09-07 20:59:39 [INFO]: Clicked on checkout button
2026-09-07 20:59:39 [INFO]: Entered first name
2026-09-07 20:59:39 [INFO]: Entered last name
2026-09-07 20:59:39 [INFO]: Entered postal code
2026-09-07 20:59:39 [INFO]: Test case execution started
2026-09-07 20:59:39 [INFO]: Clicked on continue button
2026-09-07 20:59:39 [INFO]: Clicked on finish button
2026-09-07 20:59:39 [INFO]: Getting complete header text
2026-09-07 20:59:39 [INFO]: Getting checkout complete text
2026-09-07 20:59:39 [INFO]: Checkout complete verified
2026-09-07 20:59:47 [INFO]: Test case execution completed
2026-09-07 20:59:47 [INFO]: Test case execution completed
2026-09-07 20:59:47 [INFO]: Test suite execution completed
2026-09-07 20:59:47 [INFO]: Test suite execution completed
2026-09-07 20:59:54 [INFO]: Test case execution completed
2026-09-07 20:59:54 [INFO]: Test case execution completed
2026-09-07 20:59:55 [INFO]: Test suite execution completed
2026-09-07 20:59:55 [INFO]: Test suite execution completed
2026-09-07 21:01:18 [INFO]: Navigating to login page
2026-09-07 21:01:20 [INFO]: Login successful
2026-09-07 21:01:20 [INFO]: Getting inventory items count
2026-09-07 21:01:20 [INFO]: Clicked on first item add to cart button
2026-09-07 21:01:20 [INFO]: Clicked on cart link
2026-09-07 21:01:20 [INFO]: Clicked on checkout button
2026-09-07 21:01:20 [INFO]: Entered first name
2026-09-07 21:01:20 [INFO]: Entered last name
2026-09-07 21:01:20 [INFO]: Entered postal code
2026-09-07 21:01:20 [INFO]: Clicked on continue button
2026-09-07 21:01:20 [INFO]: Clicked on finish button
2026-09-07 21:01:21 [INFO]: Getting complete header text
2026-09-07 21:01:21 [INFO]: Getting checkout complete text
2026-09-07 21:01:21 [INFO]: Checkout complete verified
2026-09-07 21:01:21 [INFO]: Test suite execution started
2026-09-07 21:01:22 [INFO]: Test case execution started
2026-09-07 21:01:23 [INFO]: Test suite execution started
2026-09-07 21:01:25 [INFO]: Test case execution started
2026-09-07 21:01:30 [INFO]: Test case execution completed
2026-09-07 21:01:30 [INFO]: Test case execution completed
2026-09-07 21:01:31 [INFO]: Test suite execution completed
2026-09-07 21:01:31 [INFO]: Test suite execution completed
2026-09-07 21:01:41 [INFO]: Test case execution completed
2026-09-07 21:01:41 [INFO]: Test case execution completed
2026-09-07 21:01:41 [INFO]: Test suite execution completed
2026-09-07 21:01:41 [INFO]: Test suite execution completed
2026-09-07 21:05:44 [INFO]: Test suite execution started
2026-09-07 21:05:46 [INFO]: Test case execution started
2026-09-07 21:06:04 [INFO]: Test case execution completed
2026-09-07 21:06:04 [INFO]: Test case execution completed
2026-09-07 21:06:05 [INFO]: Test suite execution completed
2026-09-07 21:06:05 [INFO]: Test suite execution completed
2026-09-07 21:06:26 [INFO]: Test suite execution started
2026-09-07 21:06:29 [INFO]: Test case execution started
2026-09-07 21:07:24 [INFO]: Test case execution completed
2026-09-07 21:07:24 [INFO]: Test case execution completed
2026-09-07 21:07:24 [INFO]: Test suite execution completed
2026-09-07 21:07:24 [INFO]: Test suite execution completed
2026-09-07 21:42:13 [INFO]: Navigating to login page
2026-09-07 21:42:14 [INFO]: Login successful
2026-09-07 21:42:14 [INFO]: Getting inventory items count
2026-09-07 21:42:14 [INFO]: Clicked on first item add to cart button
2026-09-07 21:42:14 [INFO]: Clicked on cart link
2026-09-07 21:42:14 [INFO]: Clicked on checkout button
2026-09-07 21:42:14 [INFO]: Entered first name
2026-09-07 21:42:14 [INFO]: Entered last name
2026-09-07 21:42:14 [INFO]: Entered postal code
2026-09-07 21:42:15 [INFO]: Clicked on continue button
2026-09-07 21:42:15 [INFO]: Clicked on finish button
2026-09-07 21:42:15 [INFO]: Getting complete header text
2026-09-07 21:42:15 [INFO]: Getting checkout complete text
2026-09-07 21:42:15 [INFO]: Checkout complete verified
2026-09-07 21:42:15 [INFO]: Test suite execution started
2026-09-07 21:42:15 [INFO]: Test suite execution started
2026-09-07 21:42:15 [INFO]: Test case execution started
2026-09-07 21:42:16 [INFO]: Test case execution started
2026-09-07 21:42:22 [INFO]: Test case execution completed
2026-09-07 21:42:22 [INFO]: Test case execution completed
2026-09-07 21:42:23 [INFO]: Test suite execution completed
2026-09-07 21:42:23 [INFO]: Test suite execution completed
2026-09-07 21:42:32 [INFO]: Test case execution completed
2026-09-07 21:42:32 [INFO]: Test case execution completed
2026-09-07 21:42:32 [INFO]: Test suite execution completed
2026-09-07 21:42:32 [INFO]: Test suite execution completed
2026-09-07 21:52:45 [INFO]: Test suite execution started
2026-09-07 21:52:45 [INFO]: Test suite execution started
2026-09-07 21:52:45 [INFO]: Test suite execution completed
2026-09-07 21:52:45 [INFO]: Test suite execution completed
2026-09-07 21:52:45 [INFO]: Test suite execution completed
2026-09-07 21:52:45 [INFO]: Test suite execution completed
2026-09-07 21:54:27 [INFO]: Navigating to login page
2026-09-07 21:54:31 [INFO]: Login successful
2026-09-07 21:54:31 [INFO]: Getting inventory items count
2026-09-07 21:54:31 [INFO]: Clicked on first item add to cart button
2026-09-07 21:54:31 [INFO]: Clicked on cart link
2026-09-07 21:54:32 [INFO]: Clicked on checkout button
2026-09-07 21:54:32 [INFO]: Entered first name
2026-09-07 21:54:32 [INFO]: Entered last name
2026-09-07 21:54:32 [INFO]: Entered postal code
2026-09-07 21:54:32 [INFO]: Clicked on continue button
2026-09-07 21:54:32 [INFO]: Clicked on finish button
2026-09-07 21:54:32 [INFO]: Getting complete header text
2026-09-07 21:54:32 [INFO]: Getting checkout complete text
2026-09-07 21:54:32 [INFO]: Checkout complete verified
2026-09-07 21:54:34 [INFO]: Test suite execution started
2026-09-07 21:54:35 [INFO]: Test case execution started
2026-09-07 21:54:35 [INFO]: Test suite execution started
2026-09-07 21:54:36 [INFO]: Test case execution started
2026-09-07 21:54:43 [INFO]: Test case execution completed
2026-09-07 21:54:43 [INFO]: Test case execution completed
2026-09-07 21:54:43 [INFO]: Test suite execution completed
2026-09-07 21:54:43 [INFO]: Test suite execution completed
2026-09-07 21:54:52 [INFO]: Test case execution completed
2026-09-07 21:54:52 [INFO]: Test case execution completed
2026-09-07 21:54:53 [INFO]: Test suite execution completed
2026-09-07 21:54:53 [INFO]: Test suite execution completed
2026-09-08 11:14:06 [INFO]: Test suite execution started
2026-09-08 11:14:06 [INFO]: Test suite execution started
2026-09-08 11:14:06 [INFO]: Test suite execution started
2026-09-08 11:14:06 [INFO]: Test suite execution started
2026-09-08 11:14:06 [INFO]: Test suite execution started
2026-09-08 11:14:06 [INFO]: Test suite execution started
2026-09-08 11:14:06 [INFO]: Test suite execution started
2026-09-08 11:14:08 [INFO]: Test case execution started
2026-09-08 11:14:08 [INFO]: Test case execution started
2026-09-08 11:14:09 [INFO]: Test case execution started
2026-09-08 11:14:09 [INFO]: Test case execution started
2026-09-08 11:14:09 [INFO]: Test case execution started
2026-09-08 11:14:09 [INFO]: Test case execution started
2026-09-08 11:14:09 [INFO]: Test case execution started
2026-09-08 11:14:10 [INFO]: Test case execution completed
2026-09-08 11:14:10 [INFO]: Test case execution completed
2026-09-08 11:14:10 [INFO]: our first log for our playwright test with info level
2026-09-08 11:14:10 [WARN]: our first log for our playwright test with warn level
2026-09-08 11:14:10 [ERROR]: our first log for our playwright test with error level
2026-09-08 11:14:10 [DEBUG]: our first log for our playwright test with debug level
2026-09-08 11:14:11 [INFO]: TC001 is excecuted successfully
2026-09-08 11:14:11 [INFO]: Test case execution completed
2026-09-08 11:14:11 [INFO]: Test case execution completed
2026-09-08 11:14:11 [INFO]: Test case execution started
2026-09-08 11:14:12 [INFO]: Test case execution completed
2026-09-08 11:14:12 [INFO]: Test case execution completed
2026-09-08 11:14:12 [INFO]: Test case execution started
2026-09-08 11:14:12 [INFO]: Test case execution completed
2026-09-08 11:14:12 [INFO]: Test case execution completed
2026-09-08 11:14:13 [INFO]: Test case execution completed
2026-09-08 11:14:13 [INFO]: Test case execution completed
2026-09-08 11:14:13 [INFO]: Test case execution completed
2026-09-08 11:14:13 [INFO]: Test case execution completed
2026-09-08 11:14:13 [INFO]: Test case execution started
2026-09-08 11:14:14 [INFO]: Test case execution started
2026-09-08 11:14:14 [INFO]: Test case execution started
2026-09-08 11:14:15 [INFO]: Test case execution started
2026-09-08 11:14:15 [INFO]: Test case execution completed
2026-09-08 11:14:15 [INFO]: Test case execution completed
2026-09-08 11:14:16 [INFO]: Test case execution completed
2026-09-08 11:14:16 [INFO]: Test case execution completed
2026-09-08 11:14:16 [INFO]: Test case execution started
2026-09-08 11:14:17 [INFO]: Test case execution completed
2026-09-08 11:14:17 [INFO]: Test case execution completed
2026-09-08 11:14:18 [INFO]: Test case execution completed
2026-09-08 11:14:18 [INFO]: Test case execution completed
2026-09-08 11:14:18 [INFO]: Test case execution started
2026-09-08 11:14:18 [INFO]: Test case execution started
2026-09-08 11:14:19 [INFO]: Test case execution completed
2026-09-08 11:14:19 [INFO]: Test case execution completed
2026-09-08 11:14:19 [INFO]: Test suite execution completed
2026-09-08 11:14:20 [INFO]: Test suite execution completed
2026-09-08 11:14:20 [INFO]: Test case execution started
2026-09-08 11:14:21 [INFO]: Test case execution completed
2026-09-08 11:14:21 [INFO]: Test case execution completed
2026-09-08 11:14:21 [INFO]: navigated to wikipedia
2026-09-08 11:14:21 [INFO]: scrolled to the element
2026-09-08 11:14:21 [INFO]: element is visible in the viewport
2026-09-08 11:14:21 [INFO]: Test case execution completed
2026-09-08 11:14:21 [INFO]: Test case execution completed
2026-09-08 11:14:22 [INFO]: Test case execution completed
2026-09-08 11:14:22 [INFO]: Test case execution completed
2026-09-08 11:14:22 [INFO]: Test case execution started
2026-09-08 11:14:23 [INFO]: Test suite execution completed
2026-09-08 11:14:23 [INFO]: Test suite execution completed
2026-09-08 11:14:24 [INFO]: Test case execution started
2026-09-08 11:14:24 [INFO]: waited for 3 seconds
2026-09-08 11:14:24 [INFO]: Test case execution completed
2026-09-08 11:14:24 [INFO]: Test case execution completed
2026-09-08 11:14:26 [INFO]: Test case execution started
2026-09-08 11:14:30 [INFO]: Test case execution completed
2026-09-08 11:14:30 [INFO]: Test case execution completed
2026-09-08 11:14:32 [INFO]: Test case execution started
2026-09-08 11:14:38 [INFO]: Test case execution completed
2026-09-08 11:14:38 [INFO]: Test case execution completed
2026-09-08 11:14:39 [INFO]: Test case execution completed
2026-09-08 11:14:39 [INFO]: Test case execution completed
2026-09-08 11:14:39 [INFO]: Test case execution completed
2026-09-08 11:14:39 [INFO]: Test case execution completed
2026-09-08 11:14:46 [INFO]: Test case execution completed
2026-09-08 11:14:46 [INFO]: Test case execution completed
2026-09-08 11:14:46 [INFO]: Test case execution started
2026-09-08 11:14:46 [INFO]: Test case execution started
2026-09-08 11:14:47 [INFO]: Test case execution started
2026-09-08 11:14:48 [INFO]: Test case execution started
2026-09-08 11:14:50 [INFO]: Test case execution completed
2026-09-08 11:14:50 [INFO]: Test case execution completed
2026-09-08 11:14:50 [INFO]: Test case execution completed
2026-09-08 11:14:50 [INFO]: Test case execution completed
2026-09-08 11:14:51 [INFO]: Test case execution started
2026-09-08 11:14:51 [INFO]: Test case execution started
2026-09-08 11:14:52 [INFO]: Test case execution completed
2026-09-08 11:14:52 [INFO]: Test case execution completed
2026-09-08 11:14:52 [INFO]: Test case execution completed
2026-09-08 11:14:52 [INFO]: Test case execution completed
2026-09-08 11:14:53 [INFO]: Test case execution started
2026-09-08 11:14:53 [INFO]: Test suite execution completed
2026-09-08 11:14:53 [INFO]: Test suite execution completed
2026-09-08 11:14:53 [INFO]: Test case execution completed
2026-09-08 11:14:53 [INFO]: Test case execution completed
2026-09-08 11:14:54 [INFO]: Test case execution started
2026-09-08 11:14:56 [INFO]: Test case execution completed
2026-09-08 11:14:56 [INFO]: Test case execution completed
2026-09-08 11:14:56 [INFO]: Test suite execution started
2026-09-08 11:14:57 [INFO]: Test suite execution completed
2026-09-08 11:14:57 [INFO]: Test suite execution completed
2026-09-08 11:14:57 [INFO]: Test case execution started
2026-09-08 11:14:58 [INFO]: Test case execution completed
2026-09-08 11:14:58 [INFO]: Test case execution completed
2026-09-08 11:14:59 [INFO]: Test suite execution started
2026-09-08 11:14:59 [INFO]: Test case execution completed
2026-09-08 11:14:59 [INFO]: Test case execution completed
2026-09-08 11:14:59 [INFO]: Test case execution started
2026-09-08 11:14:59 [INFO]: Test suite execution started
2026-09-08 11:14:59 [INFO]: Test suite execution completed
2026-09-08 11:14:59 [INFO]: Test suite execution completed
2026-09-08 11:15:01 [INFO]: Test case execution started
2026-09-08 11:15:01 [INFO]: Test case execution started
2026-09-08 11:15:02 [INFO]: Test case execution completed
2026-09-08 11:15:02 [INFO]: Test case execution completed
2026-09-08 11:15:02 [INFO]: Test case execution completed
2026-09-08 11:15:02 [INFO]: Test case execution completed
2026-09-08 11:15:03 [INFO]: Test suite execution completed
2026-09-08 11:15:03 [INFO]: Test suite execution completed
2026-09-08 11:15:04 [INFO]: Test suite execution completed
2026-09-08 11:15:04 [INFO]: Test suite execution completed
2026-09-08 11:15:05 [INFO]: Test suite execution started
2026-09-08 11:15:06 [INFO]: Test case execution started
2026-09-08 11:15:07 [INFO]: Test case execution completed
2026-09-08 11:15:07 [INFO]: Test case execution completed
2026-09-08 11:15:07 [INFO]: Test case execution completed
2026-09-08 11:15:07 [INFO]: Test case execution completed
2026-09-08 11:15:08 [INFO]: Test case execution started
2026-09-08 11:15:08 [INFO]: Test case execution started
2026-09-08 11:15:10 [INFO]: Test case execution completed
2026-09-08 11:15:10 [INFO]: Test case execution completed
2026-09-08 11:15:11 [INFO]: Test case execution completed
2026-09-08 11:15:11 [INFO]: Test case execution completed
2026-09-08 11:15:11 [INFO]: Test suite execution completed
2026-09-08 11:15:11 [INFO]: Test suite execution completed
2026-09-08 11:15:11 [INFO]: Test case execution completed
2026-09-08 11:15:11 [INFO]: Test case execution completed
2026-09-08 11:15:11 [INFO]: Test case execution started
2026-09-08 11:15:12 [INFO]: Test case execution started
2026-09-08 11:15:13 [INFO]: Test suite execution started
2026-09-08 11:15:14 [INFO]: Test case execution completed
2026-09-08 11:15:14 [INFO]: Test case execution completed
2026-09-08 11:15:14 [INFO]: Test case execution started
2026-09-08 11:15:14 [INFO]: Test suite execution completed
2026-09-08 11:15:15 [INFO]: Test suite execution completed
2026-09-08 11:15:15 [INFO]: we are using playwright inbuilt locators
2026-09-08 11:15:15 [INFO]: -------getByText------
2026-09-08 11:15:15 [INFO]: --------getByPlaceholder---------
2026-09-08 11:15:15 [INFO]: -----getByRole--------
2026-09-08 11:15:15 [INFO]: Test case execution completed
2026-09-08 11:15:15 [INFO]: Test case execution completed
2026-09-08 11:15:16 [INFO]: Test case execution started
2026-09-08 11:15:17 [INFO]: Test suite execution started
2026-09-08 11:15:18 [INFO]: Test case execution started
2026-09-08 11:15:20 [INFO]: Test case execution completed
2026-09-08 11:15:20 [INFO]: Test case execution completed
2026-09-08 11:15:20 [INFO]: Test suite execution completed
2026-09-08 11:15:20 [INFO]: Test suite execution completed
2026-09-08 11:15:20 [INFO]: -----getByTestId--------
2026-09-08 11:15:20 [INFO]: -----getByRole----------
2026-09-08 11:15:20 [INFO]: -----getByTestId--------
2026-09-08 11:15:21 [INFO]: Test case execution completed
2026-09-08 11:15:21 [INFO]: Test case execution completed
2026-09-08 11:15:21 [INFO]: Test case execution completed
2026-09-08 11:15:21 [INFO]: Test case execution completed
2026-09-08 11:15:22 [INFO]: Test case execution started
2026-09-08 11:15:22 [INFO]: Test case execution started
2026-09-08 11:15:23 [INFO]: we are using playwright inbuilt locators
2026-09-08 11:15:23 [INFO]: -------getByTitle------
2026-09-08 11:15:23 [INFO]: -------getByText-------------
2026-09-08 11:15:23 [INFO]: -----getByRole--------
2026-09-08 11:15:24 [INFO]: Test case execution completed
2026-09-08 11:15:24 [INFO]: Test case execution completed
2026-09-08 11:15:25 [INFO]: Test case execution completed
2026-09-08 11:15:25 [INFO]: Test case execution completed
2026-09-08 11:15:25 [INFO]: Test case execution completed
2026-09-08 11:15:25 [INFO]: Test case execution completed
2026-09-08 11:15:25 [INFO]: Test suite execution completed
2026-09-08 11:15:25 [INFO]: Test suite execution completed
2026-09-08 11:15:26 [INFO]: Test case execution started
2026-09-08 11:15:26 [INFO]: we are using playwright inbuilt locators
2026-09-08 11:15:26 [INFO]: -------getByRole------
2026-09-08 11:15:26 [INFO]: Test case execution started
2026-09-08 11:15:26 [INFO]: -------getByAltText------
2026-09-08 11:15:27 [INFO]: Test case execution completed
2026-09-08 11:15:27 [INFO]: Test case execution completed
2026-09-08 11:15:27 [INFO]: Test case execution started
2026-09-08 11:15:28 [INFO]: we are using playwright inbuilt locators
2026-09-08 11:15:28 [INFO]: -------getByLabel------
2026-09-08 11:15:29 [INFO]: Test case execution completed
2026-09-08 11:15:29 [INFO]: Test case execution completed
2026-09-08 11:15:30 [INFO]: Test suite execution completed
2026-09-08 11:15:30 [INFO]: Test suite execution completed
2026-09-08 11:15:57 [INFO]: Test case execution completed
2026-09-08 11:15:57 [INFO]: Test case execution completed
2026-09-08 11:15:57 [INFO]: Test suite execution completed
2026-09-08 11:15:57 [INFO]: Test suite execution completed
2026-09-08 11:54:33 [INFO]: Test suite execution started
2026-09-08 11:54:33 [INFO]: Test suite execution started
2026-09-08 11:54:33 [INFO]: Test suite execution started
2026-09-08 11:54:34 [INFO]: Test case execution started
2026-09-08 11:54:34 [INFO]: Test case execution started
2026-09-08 11:54:35 [INFO]: Test case execution started
2026-09-08 11:54:36 [INFO]: Test case execution completed
2026-09-08 11:54:36 [INFO]: Test case execution completed
2026-09-08 11:54:36 [INFO]: Test suite execution completed
2026-09-08 11:54:36 [INFO]: Test suite execution completed
2026-09-08 11:54:41 [INFO]: Test case execution completed
2026-09-08 11:54:41 [INFO]: Test case execution completed
2026-09-08 11:54:41 [INFO]: Test case execution completed
2026-09-08 11:54:41 [INFO]: Test case execution completed
2026-09-08 11:54:41 [INFO]: Test suite execution completed
2026-09-08 11:54:41 [INFO]: Test suite execution completed
2026-09-08 11:54:42 [INFO]: Test suite execution completed
2026-09-08 11:54:42 [INFO]: Test suite execution completed
2026-09-08 11:55:09 [INFO]: Test suite execution started
2026-09-08 11:55:09 [INFO]: Test suite execution started
2026-09-08 11:55:09 [INFO]: Test suite execution started
2026-09-08 11:55:10 [INFO]: Test case execution started
2026-09-08 11:55:10 [INFO]: Test case execution started
2026-09-08 11:55:10 [INFO]: Test case execution started
2026-09-08 11:55:11 [INFO]: Test case execution completed
2026-09-08 11:55:11 [INFO]: Test case execution completed
2026-09-08 11:55:11 [INFO]: Test suite execution completed
2026-09-08 11:55:11 [INFO]: Test suite execution completed
2026-09-08 11:55:12 [INFO]: Test case execution completed
2026-09-08 11:55:12 [INFO]: Test case execution completed
2026-09-08 11:55:12 [INFO]: Test suite execution completed
2026-09-08 11:55:12 [INFO]: Test case execution completed
2026-09-08 11:55:12 [INFO]: Test case execution completed
2026-09-08 11:55:12 [INFO]: Test suite execution completed
2026-09-08 11:55:13 [INFO]: Test suite execution completed
2026-09-08 11:55:13 [INFO]: Test suite execution completed
2026-09-08 11:58:01 [INFO]: Test suite execution started
2026-09-08 11:58:01 [INFO]: Test suite execution started
2026-09-08 11:58:01 [INFO]: Test suite execution started
2026-09-08 11:58:02 [INFO]: Test case execution started
2026-09-08 11:58:02 [INFO]: Test case execution started
2026-09-08 11:58:02 [INFO]: Test case execution started
2026-09-08 11:58:04 [INFO]: Test case execution completed
2026-09-08 11:58:04 [INFO]: Test case execution completed
2026-09-08 11:58:04 [INFO]: Test case execution completed
2026-09-08 11:58:04 [INFO]: Test case execution completed
2026-09-08 11:58:04 [INFO]: Test suite execution completed
2026-09-08 11:58:04 [INFO]: Test suite execution completed
2026-09-08 11:58:05 [INFO]: Test suite execution completed
2026-09-08 11:58:05 [INFO]: Test suite execution completed
2026-09-08 11:58:32 [INFO]: Test case execution completed
2026-09-08 11:58:32 [INFO]: Test case execution completed
2026-09-08 11:58:34 [INFO]: Test suite execution completed
2026-09-08 11:58:34 [INFO]: Test suite execution completed
2026-09-08 12:07:55 [INFO]: Test suite execution started
2026-09-08 12:07:55 [INFO]: Test suite execution started
2026-09-08 12:07:55 [INFO]: Test suite execution started
2026-09-08 12:07:56 [INFO]: Test case execution started
2026-09-08 12:07:56 [INFO]: Test case execution started
2026-09-08 12:07:56 [INFO]: Test case execution started
2026-09-08 12:07:58 [INFO]: Test case execution completed
2026-09-08 12:07:58 [INFO]: Test case execution completed
2026-09-08 12:07:58 [INFO]: Test suite execution completed
2026-09-08 12:07:58 [INFO]: Test suite execution completed
2026-09-08 12:07:58 [INFO]: Test case execution completed
2026-09-08 12:07:58 [INFO]: Test case execution completed
2026-09-08 12:07:58 [INFO]: Test suite execution completed
2026-09-08 12:07:58 [INFO]: Test suite execution completed
2026-09-08 12:08:25 [INFO]: Test case execution completed
2026-09-08 12:08:25 [INFO]: Test case execution completed
2026-09-08 12:08:28 [INFO]: Test suite execution completed
2026-09-08 12:08:28 [INFO]: Test suite execution completed
2026-09-08 12:08:42 [INFO]: Test suite execution started
2026-09-08 12:08:43 [INFO]: Test suite execution started
2026-09-08 12:08:43 [INFO]: Test suite execution started
2026-09-08 12:08:44 [INFO]: Test case execution started
2026-09-08 12:08:44 [INFO]: Test case execution started
2026-09-08 12:08:44 [INFO]: Test case execution started
2026-09-08 12:08:45 [INFO]: Test case execution completed
2026-09-08 12:08:45 [INFO]: Test case execution completed
2026-09-08 12:08:45 [INFO]: Test suite execution completed
2026-09-08 12:08:45 [INFO]: Test suite execution completed
2026-09-08 12:08:46 [INFO]: Test case execution completed
2026-09-08 12:08:46 [INFO]: Test case execution completed
2026-09-08 12:08:46 [INFO]: Test suite execution completed
2026-09-08 12:08:46 [INFO]: Test suite execution completed
2026-09-08 12:08:49 [INFO]: Test case execution completed
2026-09-08 12:08:49 [INFO]: Test case execution completed
2026-09-08 12:08:50 [INFO]: Test suite execution completed
2026-09-08 12:08:50 [INFO]: Test suite execution completed
2026-09-08 12:11:22 [INFO]: Test suite execution started
2026-09-08 12:11:22 [INFO]: Test suite execution started
2026-09-08 12:11:22 [INFO]: Test suite execution started
2026-09-08 12:11:23 [INFO]: Test case execution started
2026-09-08 12:11:23 [INFO]: Test case execution started
2026-09-08 12:11:23 [INFO]: Test case execution started
2026-09-08 12:11:25 [INFO]: Test case execution completed
2026-09-08 12:11:25 [INFO]: Test case execution completed
2026-09-08 12:11:25 [INFO]: Test suite execution completed
2026-09-08 12:11:25 [INFO]: Test suite execution completed
2026-09-08 12:11:25 [INFO]: Test case execution completed
2026-09-08 12:11:25 [INFO]: Test case execution completed
2026-09-08 12:11:26 [INFO]: Test suite execution completed
2026-09-08 12:11:26 [INFO]: Test suite execution completed
2026-09-08 12:11:29 [INFO]: Test case execution completed
2026-09-08 12:11:29 [INFO]: Test case execution completed
2026-09-08 12:11:30 [INFO]: Test suite execution completed
2026-09-08 12:11:30 [INFO]: Test suite execution completed
2026-09-08 12:13:01 [INFO]: Test suite execution started
2026-09-08 12:13:01 [INFO]: Test suite execution started
2026-09-08 12:13:01 [INFO]: Test suite execution started
2026-09-08 12:13:03 [INFO]: Test case execution started
2026-09-08 12:13:03 [INFO]: Test case execution started
2026-09-08 12:13:04 [INFO]: Test case execution started
2026-09-08 12:13:04 [INFO]: Test case execution completed
2026-09-08 12:13:05 [INFO]: Test case execution completed
2026-09-08 12:13:05 [INFO]: Test suite execution completed
2026-09-08 12:13:05 [INFO]: Test suite execution completed
2026-09-08 12:13:06 [INFO]: Test case execution completed
2026-09-08 12:13:06 [INFO]: Test case execution completed
2026-09-08 12:13:06 [INFO]: Test case execution completed
2026-09-08 12:13:06 [INFO]: Test case execution completed
2026-09-08 12:13:07 [INFO]: Test suite execution completed
2026-09-08 12:13:07 [INFO]: Test suite execution completed
2026-09-08 12:13:07 [INFO]: Test suite execution completed
2026-09-08 12:13:07 [INFO]: Test suite execution completed
